Archive member included to satisfy reference by file (symbol)

../Middlewares/ST/AI/Lib\NetworkRuntime520_CM4_GCC.a(ai_platform_interface.o)
                              X-CUBE-AI/App/my_model.o (ai_platform_runtime_get_revision)
../Middlewares/ST/AI/Lib\NetworkRuntime520_CM4_GCC.a(core_mem_manager.o)
                              ../Middlewares/ST/AI/Lib\NetworkRuntime520_CM4_GCC.a(ai_platform_interface.o) (core_mem_alloc)
../Middlewares/ST/AI/Lib\NetworkRuntime520_CM4_GCC.a(core_common.o)
                              ../Middlewares/ST/AI/Lib\NetworkRuntime520_CM4_GCC.a(ai_platform_interface.o) (core_init)
../Middlewares/ST/AI/Lib\NetworkRuntime520_CM4_GCC.a(layers_conv2d_generic_float.o)
                              X-CUBE-AI/App/my_model.o (forward_dense)
../Middlewares/ST/AI/Lib\NetworkRuntime520_CM4_GCC.a(layers_nl_generic_float.o)
                              X-CUBE-AI/App/my_model.o (forward_relu)
../Middlewares/ST/AI/Lib\NetworkRuntime520_CM4_GCC.a(layers.o)
                              ../Middlewares/ST/AI/Lib\NetworkRuntime520_CM4_GCC.a(ai_platform_interface.o) (ai_check_custom_types)
../Middlewares/ST/AI/Lib\NetworkRuntime520_CM4_GCC.a(arm_mat_init_f32.o)
                              ../Middlewares/ST/AI/Lib\NetworkRuntime520_CM4_GCC.a(layers_conv2d_generic_float.o) (arm_mat_init_f32)
../Middlewares/ST/AI/Lib\NetworkRuntime520_CM4_GCC.a(ai_datatypes_format.o)
                              ../Middlewares/ST/AI/Lib\NetworkRuntime520_CM4_GCC.a(ai_platform_interface.o) (ai_array_to_buffer_fmt)
../Middlewares/ST/AI/Lib\NetworkRuntime520_CM4_GCC.a(ai_math_helpers.o)
                              ../Middlewares/ST/AI/Lib\NetworkRuntime520_CM4_GCC.a(layers_nl_generic_float.o) (ai_math_sqrt)
c:/ide/stm32cubeide_1.3.0/stm32cubeide/plugins/com.st.stm32cube.ide.mcu.externaltools.gnu-tools-for-stm32.7-2018-q2-update.win32_1.5.0.202011040924/tools/bin/../lib/gcc/arm-none-eabi/7.3.1/../../../../arm-none-eabi/lib/thumb/v7e-m/fpv4-sp/hard\libc_nano.a(lib_a-errno.o)
                              Core/Src/syscalls.o (__errno)
c:/ide/stm32cubeide_1.3.0/stm32cubeide/plugins/com.st.stm32cube.ide.mcu.externaltools.gnu-tools-for-stm32.7-2018-q2-update.win32_1.5.0.202011040924/tools/bin/../lib/gcc/arm-none-eabi/7.3.1/../../../../arm-none-eabi/lib/thumb/v7e-m/fpv4-sp/hard\libc_nano.a(lib_a-exit.o)
                              c:/ide/stm32cubeide_1.3.0/stm32cubeide/plugins/com.st.stm32cube.ide.mcu.externaltools.gnu-tools-for-stm32.7-2018-q2-update.win32_1.5.0.202011040924/tools/bin/../lib/gcc/arm-none-eabi/7.3.1/../../../../arm-none-eabi/lib/thumb/v7e-m/fpv4-sp/hard/crt0.o (exit)
c:/ide/stm32cubeide_1.3.0/stm32cubeide/plugins/com.st.stm32cube.ide.mcu.externaltools.gnu-tools-for-stm32.7-2018-q2-update.win32_1.5.0.202011040924/tools/bin/../lib/gcc/arm-none-eabi/7.3.1/../../../../arm-none-eabi/lib/thumb/v7e-m/fpv4-sp/hard\libc_nano.a(lib_a-impure.o)
                              c:/ide/stm32cubeide_1.3.0/stm32cubeide/plugins/com.st.stm32cube.ide.mcu.externaltools.gnu-tools-for-stm32.7-2018-q2-update.win32_1.5.0.202011040924/tools/bin/../lib/gcc/arm-none-eabi/7.3.1/../../../../arm-none-eabi/lib/thumb/v7e-m/fpv4-sp/hard\libc_nano.a(lib_a-exit.o) (_global_impure_ptr)
c:/ide/stm32cubeide_1.3.0/stm32cubeide/plugins/com.st.stm32cube.ide.mcu.externaltools.gnu-tools-for-stm32.7-2018-q2-update.win32_1.5.0.202011040924/tools/bin/../lib/gcc/arm-none-eabi/7.3.1/../../../../arm-none-eabi/lib/thumb/v7e-m/fpv4-sp/hard\libc_nano.a(lib_a-init.o)
                              c:/ide/stm32cubeide_1.3.0/stm32cubeide/plugins/com.st.stm32cube.ide.mcu.externaltools.gnu-tools-for-stm32.7-2018-q2-update.win32_1.5.0.202011040924/tools/bin/../lib/gcc/arm-none-eabi/7.3.1/../../../../arm-none-eabi/lib/thumb/v7e-m/fpv4-sp/hard/crt0.o (__libc_init_array)
c:/ide/stm32cubeide_1.3.0/stm32cubeide/plugins/com.st.stm32cube.ide.mcu.externaltools.gnu-tools-for-stm32.7-2018-q2-update.win32_1.5.0.202011040924/tools/bin/../lib/gcc/arm-none-eabi/7.3.1/../../../../arm-none-eabi/lib/thumb/v7e-m/fpv4-sp/hard\libc_nano.a(lib_a-malloc.o)
                              ../Middlewares/ST/AI/Lib\NetworkRuntime520_CM4_GCC.a(core_mem_manager.o) (malloc)
c:/ide/stm32cubeide_1.3.0/stm32cubeide/plugins/com.st.stm32cube.ide.mcu.externaltools.gnu-tools-for-stm32.7-2018-q2-update.win32_1.5.0.202011040924/tools/bin/../lib/gcc/arm-none-eabi/7.3.1/../../../../arm-none-eabi/lib/thumb/v7e-m/fpv4-sp/hard\libc_nano.a(lib_a-memcpy-stub.o)
                              X-CUBE-AI/App/my_model.o (memcpy)
c:/ide/stm32cubeide_1.3.0/stm32cubeide/plugins/com.st.stm32cube.ide.mcu.externaltools.gnu-tools-for-stm32.7-2018-q2-update.win32_1.5.0.202011040924/tools/bin/../lib/gcc/arm-none-eabi/7.3.1/../../../../arm-none-eabi/lib/thumb/v7e-m/fpv4-sp/hard\libc_nano.a(lib_a-memset.o)
[...]
Memory Configuration

Name             Origin             Length             Attributes
CCMRAM           0x0000000010000000 0x0000000000010000 xrw
RAM              0x0000000020000000 0x0000000000020000 xrw
FLASH            0x0000000008000000 0x0000000000100000 xr
*default*        0x0000000000000000 0xffffffffffffffff

Linker script and memory map

LOAD c:/ide/stm32cubeide_1.3.0/stm32cubeide/plugins/com.st.stm32cube.ide.mcu.externaltools.gnu-tools-for-stm32.7-2018-q2-update.win32_1.5.0.202011040924/tools/bin/../lib/gcc/arm-none-eabi/7.3.1/thumb/v7e-m/fpv4-sp/hard/crti.o
LOAD c:/ide/stm32cubeide_1.3.0/stm32cubeide/plugins/com.st.stm32cube.ide.mcu.externaltools.gnu-tools-for-stm32.7-2018-q2-update.win32_1.5.0.202011040924/tools/bin/../lib/gcc/arm-none-eabi/7.3.1/thumb/v7e-m/fpv4-sp/hard/crtbegin.o
LOAD c:/ide/stm32cubeide_1.3.0/stm32cubeide/plugins/com.st.stm32cube.ide.mcu.externaltools.gnu-tools-for-stm32.7-2018-q2-update.win32_1.5.0.202011040924/tools/bin/../lib/gcc/arm-none-eabi/7.3.1/../../../../arm-none-eabi/lib/thumb/v7e-m/fpv4-sp/hard/crt0.o
LOAD Core/Src/main.o
LOAD Core/Src/stm32f4xx_hal_msp.o
LOAD Core/Src/stm32f4xx_it.o
LOAD Core/Src/syscalls.o
LOAD Core/Src/sysmem.o
LOAD Core/Src/system_stm32f4xx.o
LOAD Core/Startup/startup_stm32f407vgtx.o
LOAD Drivers/STM32F4xx_HAL_Driver/Src/stm32f4xx_hal.o
LOAD Drivers/STM32F4xx_HAL_Driver/Src/stm32f4xx_hal_cortex.o
LOAD Drivers/STM32F4xx_HAL_Driver/Src/stm32f4xx_hal_crc.o
LOAD Drivers/STM32F4xx_HAL_Driver/Src/stm32f4xx_hal_dma.o
LOAD Drivers/STM32F4xx_HAL_Driver/Src/stm32f4xx_hal_dma_ex.o
LOAD Drivers/STM32F4xx_HAL_Driver/Src/stm32f4xx_hal_exti.o
LOAD Drivers/STM32F4xx_HAL_Driver/Src/stm32f4xx_hal_flash.o
LOAD Drivers/STM32F4xx_HAL_Driver/Src/stm32f4xx_hal_flash_ex.o
LOAD Drivers/STM32F4xx_HAL_Driver/Src/stm32f4xx_hal_flash_ramfunc.o
LOAD Drivers/STM32F4xx_HAL_Driver/Src/stm32f4xx_hal_gpio.o
LOAD Drivers/STM32F4xx_HAL_Driver/Src/stm32f4xx_hal_pwr.o
LOAD Drivers/STM32F4xx_HAL_Driver/Src/stm32f4xx_hal_pwr_ex.o
LOAD Drivers/STM32F4xx_HAL_Driver/Src/stm32f4xx_hal_rcc.o
LOAD Drivers/STM32F4xx_HAL_Driver/Src/stm32f4xx_hal_rcc_ex.o
LOAD Drivers/STM32F4xx_HAL_Driver/Src/stm32f4xx_hal_tim.o
LOAD Drivers/STM32F4xx_HAL_Driver/Src/stm32f4xx_hal_tim_ex.o
LOAD X-CUBE-AI/App/my_model.o
LOAD X-CUBE-AI/App/my_model_data.o
LOAD ../Middlewares/ST/AI/Lib\NetworkRuntime520_CM4_GCC.a
START GROUP
LOAD c:/ide/stm32cubeide_1.3.0/stm32cubeide/plugins/com.st.stm32cube.ide.mcu.externaltools.gnu-tools-for-stm32.7-2018-q2-update.win32_1.5.0.202011040924/tools/bin/../lib/gcc/arm-none-eabi/7.3.1/../../../../arm-none-eabi/lib/thumb/v7e-m/fpv4-sp/hard\libc_nano.a
LOAD c:/ide/stm32cubeide_1.3.0/stm32cubeide/plugins/com.st.stm32cube.ide.mcu.externaltools.gnu-tools-for-stm32.7-2018-q2-update.win32_1.5.0.202011040924/tools/bin/../lib/gcc/arm-none-eabi/7.3.1/../../../../arm-none-eabi/lib/thumb/v7e-m/fpv4-sp/hard\libm.a
END GROUP
START GROUP
LOAD c:/ide/stm32cubeide_1.3.0/stm32cubeide/plugins/com.st.stm32cube.ide.mcu.externaltools.gnu-tools-for-stm32.7-2018-q2-update.win32_1.5.0.202011040924/tools/bin/../lib/gcc/arm-none-eabi/7.3.1/thumb/v7e-m/fpv4-sp/hard\libgcc.a
LOAD c:/ide/stm32cubeide_1.3.0/stm32cubeide/plugins/com.st.stm32cube.ide.mcu.externaltools.gnu-tools-for-stm32.7-2018-q2-update.win32_1.5.0.202011040924/tools/bin/../lib/gcc/arm-none-eabi/7.3.1/../../../../arm-none-eabi/lib/thumb/v7e-m/fpv4-sp/hard\libc_nano.a
END GROUP
START GROUP
LOAD c:/ide/stm32cubeide_1.3.0/stm32cubeide/plugins/com.st.stm32cube.ide.mcu.externaltools.gnu-tools-for-stm32.7-2018-q2-update.win32_1.5.0.202011040924/tools/bin/../lib/gcc/arm-none-eabi/7.3.1/thumb/v7e-m/fpv4-sp/hard\libgcc.a
LOAD c:/ide/stm32cubeide_1.3.0/stm32cubeide/plugins/com.st.stm32cube.ide.mcu.externaltools.gnu-tools-for-stm32.7-2018-q2-update.win32_1.5.0.202011040924/tools/bin/../lib/gcc/arm-none-eabi/7.3.1/../../../../arm-none-eabi/lib/thumb/v7e-m/fpv4-sp/hard\libc_nano.a
LOAD c:/ide/stm32cubeide_1.3.0/stm32cubeide/plugins/com.st.stm32cube.ide.mcu.externaltools.gnu-tools-for-stm32.7-2018-q2-update.win32_1.5.0.202011040924/tools/bin/../lib/gcc/arm-none-eabi/7.3.1/../../../../arm-none-eabi/lib/thumb/v7e-m/fpv4-sp/hard\libnosys.a
END GROUP
START GROUP
LOAD c:/ide/stm32cubeide_1.3.0/stm32cubeide/plugins/com.st.stm32cube.ide.mcu.externaltools.gnu-tools-for-stm32.7-2018-q2-update.win32_1.5.0.202011040924/tools/bin/../lib/gcc/arm-none-eabi/7.3.1/thumb/v7e-m/fpv4-sp/hard\libgcc.a
LOAD c:/ide/stm32cubeide_1.3.0/stm32cubeide/plugins/com.st.stm32cube.ide.mcu.externaltools.gnu-tools-for-stm32.7-2018-q2-update.win32_1.5.0.202011040924/tools/bin/../lib/gcc/arm-none-eabi/7.3.1/../../../../arm-none-eabi/lib/thumb/v7e-m/fpv4-sp/hard\libc_nano.a
LOAD c:/ide/stm32cubeide_1.3.0/stm32cubeide/plugins/com.st.stm32cube.ide.mcu.externaltools.gnu-tools-for-stm32.7-2018-q2-update.win32_1.5.0.202011040924/tools/bin/../lib/gcc/arm-none-eabi/7.3.1/../../../../arm-none-eabi/lib/thumb/v7e-m/fpv4-sp/hard\libnosys.a
END GROUP
LOAD c:/ide/stm32cubeide_1.3.0/stm32cubeide/plugins/com.st.stm32cube.ide.mcu.externaltools.gnu-tools-for-stm32.7-2018-q2-update.win32_1.5.0.202011040924/tools/bin/../lib/gcc/arm-none-eabi/7.3.1/thumb/v7e-m/fpv4-sp/hard/crtend.o
LOAD c:/ide/stm32cubeide_1.3.0/stm32cubeide/plugins/com.st.stm32cube.ide.mcu.externaltools.gnu-tools-for-stm32.7-2018-q2-update.win32_1.5.0.202011040924/tools/bin/../lib/gcc/arm-none-eabi/7.3.1/thumb/v7e-m/fpv4-sp/hard/crtn.o
                0x0000000020020000                _estack = (ORIGIN (RAM) + LENGTH (RAM))
                0x0000000000000200                _Min_Heap_Size = 0x200
                0x0000000000000800                _Min_Stack_Size = 0x800

.isr_vector     0x0000000008000000      0x188
                0x0000000008000000                . = ALIGN (0x4)
 *(.isr_vector)
 .isr_vector    0x0000000008000000      0x188 Core/Startup/startup_stm32f407vgtx.o
                0x0000000008000000                g_pfnVectors
                0x0000000008000188                . = ALIGN (0x4)

.text           0x0000000008000188     0x3154
                0x0000000008000188                . = ALIGN (0x4)
 *(.text)
 .text          0x0000000008000188       0x40 c:/ide/stm32cubeide_1.3.0/stm32cubeide/plugins/com.st.stm32cube.ide.mcu.externaltools.gnu-tools-for-stm32.7-2018-q2-update.win32_1.5.0.202011040924/tools/bin/../lib/gcc/arm-none-eabi/7.3.1/thumb/v7e-m/fpv4-sp/hard/crtbegin.o
 .text          0x00000000080001c8      0x378 c:/ide/stm32cubeide_1.3.0/stm32cubeide/plugins/com.st.stm32cube.ide.mcu.externaltools.gnu-tools-for-stm32.7-2018-q2-update.win32_1.5.0.202011040924/tools/bin/../lib/gcc/arm-none-eabi/7.3.1/thumb/v7e-m/fpv4-sp/hard\libgcc.a(_arm_addsubdf3.o)
                0x00000000080001c8                __aeabi_drsub
                0x00000000080001d0                __aeabi_dsub
                0x00000000080001d0                __subdf3
                0x00000000080001d4                __aeabi_dadd
                0x00000000080001d4                __adddf3
                0x000000000800044c                __floatunsidf
                0x000000000800044c                __aeabi_ui2d
                0x000000000800046c                __floatsidf
                0x000000000800046c                __aeabi_i2d
                0x0000000008000490                __aeabi_f2d
                0x0000000008000490                __extendsfdf2
                0x00000000080004d4                __floatundidf
                0x00000000080004d4                __aeabi_ul2d
                0x00000000080004e4                __floatdidf
                0x00000000080004e4                __aeabi_l2d
 .text          0x0000000008000540       0xa0 c:/ide/stm32cubeide_1.3.0/stm32cubeide/plugins/com.st.stm32cube.ide.mcu.externaltools.gnu-tools-for-stm32.7-2018-q2-update.win32_1.5.0.202011040924/tools/bin/../lib/gcc/arm-none-eabi/7.3.1/thumb/v7e-m/fpv4-sp/hard\libgcc.a(_arm_truncdfsf2.o)
                0x0000000008000540                __truncdfsf2
                0x0000000008000540                __aeabi_d2f
 .text          0x00000000080005e0       0x30 c:/ide/stm32cubeide_1.3.0/stm32cubeide/plugins/com.st.stm32cube.ide.mcu.externaltools.gnu-tools-for-stm32.7-2018-q2-update.win32_1.5.0.202011040924/tools/bin/../lib/gcc/arm-none-eabi/7.3.1/thumb/v7e-m/fpv4-sp/hard\libgcc.a(_aeabi_uldivmod.o)
                0x00000000080005e0                __aeabi_uldivmod
 .text          0x0000000008000610      0x2cc c:/ide/stm32cubeide_1.3.0/stm32cubeide/plugins/com.st.stm32cube.ide.mcu.externaltools.gnu-tools-for-stm32.7-2018-q2-update.win32_1.5.0.202011040924/tools/bin/../lib/gcc/arm-none-eabi/7.3.1/thumb/v7e-m/fpv4-sp/hard\libgcc.a(_udivmoddi4.o)
                0x0000000008000610                __udivmoddi4
 .text          0x00000000080008dc        0x4 c:/ide/stm32cubeide_1.3.0/stm32cubeide/plugins/com.st.stm32cube.ide.mcu.externaltools.gnu-tools-for-stm32.7-2018-q2-update.win32_1.5.0.202011040924/tools/bin/../lib/gcc/arm-none-eabi/7.3.1/thumb/v7e-m/fpv4-sp/hard\libgcc.a(_dvmd_tls.o)
                0x00000000080008dc                __aeabi_idiv0
                0x00000000080008dc                __aeabi_ldiv0
 *(.text*)
 .text.main     0x00000000080008e0      0x32c Core/Src/main.o
                0x00000000080008e0                main
 .text.SystemClock_Config
                0x0000000008000c0c       0xd4 Core/Src/main.o
                0x0000000008000c0c                SystemClock_Config
 .text.MX_CRC_Init
                0x0000000008000ce0       0x28 Core/Src/main.o
 .text.MX_GPIO_Init
                0x0000000008000d08       0x50 Core/Src/main.o
 .text.Error_Handler
                0x0000000008000d58        0x8 Core/Src/main.o
                0x0000000008000d58                Error_Handler
 .text.HAL_MspInit
                0x0000000008000d60       0x50 Core/Src/stm32f4xx_hal_msp.o
                0x0000000008000d60                HAL_MspInit
 .text.HAL_CRC_MspInit
                0x0000000008000db0       0x44 Core/Src/stm32f4xx_hal_msp.o
                0x0000000008000db0                HAL_CRC_MspInit
 .text.NMI_Handler
                0x0000000008000df4        0x6 Core/Src/stm32f4xx_it.o
                0x0000000008000df4                NMI_Handler
 .text.HardFault_Handler
                0x0000000008000dfa        0x6 Core/Src/stm32f4xx_it.o
                0x0000000008000dfa                HardFault_Handler
 .text.MemManage_Handler
                0x0000000008000e00        0x6 Core/Src/stm32f4xx_it.o
                0x0000000008000e00                MemManage_Handler
 .text.BusFault_Handler
                0x0000000008000e06        0x6 Core/Src/stm32f4xx_it.o
                0x0000000008000e06                BusFault_Handler
 .text.UsageFault_Handler
                0x0000000008000e0c        0x6 Core/Src/stm32f4xx_it.o
                0x0000000008000e0c                UsageFault_Handler
 .text.SVC_Handler
                0x0000000008000e12        0xe Core/Src/stm32f4xx_it.o
                0x0000000008000e12                SVC_Handler
 .text.DebugMon_Handler
                0x0000000008000e20        0xe Core/Src/stm32f4xx_it.o
                0x0000000008000e20                DebugMon_Handler
 .text.PendSV_Handler
                0x0000000008000e2e        0xe Core/Src/stm32f4xx_it.o
                0x0000000008000e2e                PendSV_Handler
 .text.SysTick_Handler
                0x0000000008000e3c        0xc Core/Src/stm32f4xx_it.o
                0x0000000008000e3c                SysTick_Handler
 .text.SystemInit
                0x0000000008000e48       0x2c Core/Src/system_stm32f4xx.o
                0x0000000008000e48                SystemInit
 .text.Reset_Handler
                0x0000000008000e74       0x50 Core/Startup/startup_stm32f407vgtx.o
                0x0000000008000e74                Reset_Handler
 .text.Default_Handler
                0x0000000008000ec4        0x2 Core/Startup/startup_stm32f407vgtx.o
                0x0000000008000ec4                RTC_Alarm_IRQHandler
                0x0000000008000ec4                HASH_RNG_IRQHandler
                0x0000000008000ec4                EXTI2_IRQHandler
                0x0000000008000ec4                TIM8_CC_IRQHandler
                0x0000000008000ec4                TIM1_CC_IRQHandler
                0x0000000008000ec4                DMA2_Stream5_IRQHandler
                0x0000000008000ec4                DMA1_Stream5_IRQHandler
                0x0000000008000ec4                PVD_IRQHandler
                0x0000000008000ec4                SDIO_IRQHandler
                0x0000000008000ec4                TAMP_STAMP_IRQHandler
                0x0000000008000ec4                CAN2_RX1_IRQHandler
                0x0000000008000ec4                EXTI3_IRQHandler
                0x0000000008000ec4                TIM8_TRG_COM_TIM14_IRQHandler
                0x0000000008000ec4                TIM1_UP_TIM10_IRQHandler
                0x0000000008000ec4                TIM8_UP_TIM13_IRQHandler
                0x0000000008000ec4                I2C3_ER_IRQHandler
                0x0000000008000ec4                EXTI0_IRQHandler
                0x0000000008000ec4                I2C2_EV_IRQHandler
                0x0000000008000ec4                DMA1_Stream2_IRQHandler
                0x0000000008000ec4                CAN1_RX0_IRQHandler
                0x0000000008000ec4                FPU_IRQHandler
                0x0000000008000ec4                OTG_HS_WKUP_IRQHandler
                0x0000000008000ec4                CAN2_SCE_IRQHandler
                0x0000000008000ec4                DMA2_Stream2_IRQHandler
                0x0000000008000ec4                SPI1_IRQHandler
                0x0000000008000ec4                TIM6_DAC_IRQHandler
                0x0000000008000ec4                TIM1_BRK_TIM9_IRQHandler
                0x0000000008000ec4                DCMI_IRQHandler
                0x0000000008000ec4                CAN2_RX0_IRQHandler
                0x0000000008000ec4                DMA2_Stream3_IRQHandler
                0x0000000008000ec4                USART6_IRQHandler
                0x0000000008000ec4                USART3_IRQHandler
                0x0000000008000ec4                CAN1_RX1_IRQHandler
                0x0000000008000ec4                UART5_IRQHandler
                0x0000000008000ec4                DMA2_Stream0_IRQHandler
                0x0000000008000ec4                TIM4_IRQHandler
                0x0000000008000ec4                I2C1_EV_IRQHandler
                0x0000000008000ec4                DMA1_Stream6_IRQHandler
                0x0000000008000ec4                DMA1_Stream1_IRQHandler
                0x0000000008000ec4                UART4_IRQHandler
                0x0000000008000ec4                TIM3_IRQHandler
                0x0000000008000ec4                RCC_IRQHandler
                0x0000000008000ec4                TIM8_BRK_TIM12_IRQHandler
                0x0000000008000ec4                Default_Handler
                0x0000000008000ec4                EXTI15_10_IRQHandler
                0x0000000008000ec4                ADC_IRQHandler
                0x0000000008000ec4                DMA1_Stream7_IRQHandler
                0x0000000008000ec4                TIM7_IRQHandler
                0x0000000008000ec4                CAN2_TX_IRQHandler
                0x0000000008000ec4                TIM5_IRQHandler
                0x0000000008000ec4                DMA2_Stream7_IRQHandler
                0x0000000008000ec4                I2C3_EV_IRQHandler
                0x0000000008000ec4                EXTI9_5_IRQHandler
                0x0000000008000ec4                RTC_WKUP_IRQHandler
                0x0000000008000ec4                ETH_WKUP_IRQHandler
                0x0000000008000ec4                SPI2_IRQHandler
                0x0000000008000ec4                OTG_HS_EP1_IN_IRQHandler
                0x0000000008000ec4                DMA1_Stream0_IRQHandler
                0x0000000008000ec4                CAN1_TX_IRQHandler
                0x0000000008000ec4                EXTI4_IRQHandler
                0x0000000008000ec4                FSMC_IRQHandler
                0x0000000008000ec4                ETH_IRQHandler
                0x0000000008000ec4                OTG_HS_EP1_OUT_IRQHandler
                0x0000000008000ec4                WWDG_IRQHandler
                0x0000000008000ec4                TIM2_IRQHandler
                0x0000000008000ec4                OTG_FS_WKUP_IRQHandler
                0x0000000008000ec4                TIM1_TRG_COM_TIM11_IRQHandler
                0x0000000008000ec4                OTG_HS_IRQHandler
                0x0000000008000ec4                EXTI1_IRQHandler
                0x0000000008000ec4                USART2_IRQHandler
                0x0000000008000ec4                I2C2_ER_IRQHandler
                0x0000000008000ec4                DMA2_Stream1_IRQHandler
                0x0000000008000ec4                CAN1_SCE_IRQHandler
                0x0000000008000ec4                FLASH_IRQHandler
                0x0000000008000ec4                DMA2_Stream4_IRQHandler
                0x0000000008000ec4                USART1_IRQHandler
                0x0000000008000ec4                OTG_FS_IRQHandler
                0x0000000008000ec4                SPI3_IRQHandler
                0x0000000008000ec4                DMA1_Stream4_IRQHandler
                0x0000000008000ec4                I2C1_ER_IRQHandler
                0x0000000008000ec4                DMA2_Stream6_IRQHandler
                0x0000000008000ec4                DMA1_Stream3_IRQHandler
 *fill*         0x0000000008000ec6        0x2 
 .text.HAL_Init
                0x0000000008000ec8       0x44 Drivers/STM32F4xx_HAL_Driver/Src/stm32f4xx_hal.o
                0x0000000008000ec8                HAL_Init
 .text.HAL_InitTick
                0x0000000008000f0c       0x60 Drivers/STM32F4xx_HAL_Driver/Src/stm32f4xx_hal.o
                0x0000000008000f0c                HAL_InitTick
 .text.HAL_IncTick
                0x0000000008000f6c       0x28 Drivers/STM32F4xx_HAL_Driver/Src/stm32f4xx_hal.o
                0x0000000008000f6c                HAL_IncTick
 .text.HAL_GetTick
                0x0000000008000f94       0x18 Drivers/STM32F4xx_HAL_Driver/Src/stm32f4xx_hal.o
                0x0000000008000f94                HAL_GetTick
 .text.__NVIC_SetPriorityGrouping
                0x0000000008000fac       0x48 Drivers/STM32F4xx_HAL_Driver/Src/stm32f4xx_hal_cortex.o
 .text.__NVIC_GetPriorityGrouping
                0x0000000008000ff4       0x1c Drivers/STM32F4xx_HAL_Driver/Src/stm32f4xx_hal_cortex.o
 .text.__NVIC_SetPriority
                0x0000000008001010       0x54 Drivers/STM32F4xx_HAL_Driver/Src/stm32f4xx_hal_cortex.o
 .text.NVIC_EncodePriority
                0x0000000008001064       0x66 Drivers/STM32F4xx_HAL_Driver/Src/stm32f4xx_hal_cortex.o
 *fill*         0x00000000080010ca        0x2 
 .text.SysTick_Config
                0x00000000080010cc       0x44 Drivers/STM32F4xx_HAL_Driver/Src/stm32f4xx_hal_cortex.o
 .text.HAL_NVIC_SetPriorityGrouping
                0x0000000008001110       0x16 Drivers/STM32F4xx_HAL_Driver/Src/stm32f4xx_hal_cortex.o
                0x0000000008001110                HAL_NVIC_SetPriorityGrouping
 .text.HAL_NVIC_SetPriority
                0x0000000008001126       0x38 Drivers/STM32F4xx_HAL_Driver/Src/stm32f4xx_hal_cortex.o
                0x0000000008001126                HAL_NVIC_SetPriority
 .text.HAL_SYSTICK_Config
                0x000000000800115e       0x18 Drivers/STM32F4xx_HAL_Driver/Src/stm32f4xx_hal_cortex.o
                0x000000000800115e                HAL_SYSTICK_Config
 .text.HAL_CRC_Init
                0x0000000008001176       0x38 Drivers/STM32F4xx_HAL_Driver/Src/stm32f4xx_hal_crc.o
                0x0000000008001176                HAL_CRC_Init
 *fill*         0x00000000080011ae        0x2 
 .text.HAL_RCC_OscConfig
                0x00000000080011b0      0x4e0 Drivers/STM32F4xx_HAL_Driver/Src/stm32f4xx_hal_rcc.o
                0x00000000080011b0                HAL_RCC_OscConfig
 .text.HAL_RCC_ClockConfig
                0x0000000008001690      0x1cc Drivers/STM32F4xx_HAL_Driver/Src/stm32f4xx_hal_rcc.o
                0x0000000008001690                HAL_RCC_ClockConfig
 .text.HAL_RCC_GetSysClockFreq
                0x000000000800185c      0x1b0 Drivers/STM32F4xx_HAL_Driver/Src/stm32f4xx_hal_rcc.o
                0x000000000800185c                HAL_RCC_GetSysClockFreq
 .text.my_model_configure_activations
                0x0000000008001a0c       0xa4 X-CUBE-AI/App/my_model.o
 .text.my_model_configure_weights
                0x0000000008001ab0      0x108 X-CUBE-AI/App/my_model.o
 .text.ai_my_model_create
                0x0000000008001bb8       0x2c X-CUBE-AI/App/my_model.o
                0x0000000008001bb8                ai_my_model_create
 .text.ai_my_model_init
                0x0000000008001be4       0x7e X-CUBE-AI/App/my_model.o
                0x0000000008001be4                ai_my_model_init
 .text.ai_my_model_run
                0x0000000008001c62       0x20 X-CUBE-AI/App/my_model.o
                0x0000000008001c62                ai_my_model_run
 *fill*         0x0000000008001c82        0x2 
 .text.ai_my_model_data_weights_get
                0x0000000008001c84       0x14 X-CUBE-AI/App/my_model_data.o
                0x0000000008001c84                ai_my_model_data_weights_get
 .text.unlikely._platform_network_state_setup.isra.1
                0x0000000008001c98       0x3e ../Middlewares/ST/AI/Lib\NetworkRuntime520_CM4_GCC.a(ai_platform_interface.o)
 *fill*         0x0000000008001cd6        0x2 
 .text.ai_platform_network_create
                0x0000000008001cd8       0xb0 ../Middlewares/ST/AI/Lib\NetworkRuntime520_CM4_GCC.a(ai_platform_interface.o)
                0x0000000008001cd8                ai_platform_network_create
 .text.ai_platform_network_init
                0x0000000008001d88       0xfc ../Middlewares/ST/AI/Lib\NetworkRuntime520_CM4_GCC.a(ai_platform_interface.o)
                0x0000000008001d88                ai_platform_network_init
 .text.ai_platform_network_post_init
                0x0000000008001e84       0x90 ../Middlewares/ST/AI/Lib\NetworkRuntime520_CM4_GCC.a(ai_platform_interface.o)
                0x0000000008001e84                ai_platform_network_post_init
 .text.ai_platform_network_process
                0x0000000008001f14      0x414 ../Middlewares/ST/AI/Lib\NetworkRuntime520_CM4_GCC.a(ai_platform_interface.o)
                0x0000000008001f14                ai_platform_network_process
 .text.core_init
                0x0000000008002328        0x4 ../Middlewares/ST/AI/Lib\NetworkRuntime520_CM4_GCC.a(core_common.o)
                0x0000000008002328                core_init
 .text.core_set_error
                0x000000000800232c       0x18 ../Middlewares/ST/AI/Lib\NetworkRuntime520_CM4_GCC.a(core_common.o)
                0x000000000800232c                core_set_error
 .text.ai_dict8_dot_array_f32
                0x0000000008002344      0x19c ../Middlewares/ST/AI/Lib\NetworkRuntime520_CM4_GCC.a(layers_conv2d_generic_float.o)
                0x0000000008002344                ai_dict8_dot_array_f32
 .text.ai_dict4_dot_array_f32
                0x00000000080024e0      0x17c ../Middlewares/ST/AI/Lib\NetworkRuntime520_CM4_GCC.a(layers_conv2d_generic_float.o)
                0x00000000080024e0                ai_dict4_dot_array_f32
 .text.forward_dense
                0x000000000800265c      0x450 ../Middlewares/ST/AI/Lib\NetworkRuntime520_CM4_GCC.a(layers_conv2d_generic_float.o)
                0x000000000800265c                forward_dense
 .text.nl_func_relu_generic_array_f32
                0x0000000008002aac       0xf8 ../Middlewares/ST/AI/Lib\NetworkRuntime520_CM4_GCC.a(layers_nl_generic_float.o)
                0x0000000008002aac                nl_func_relu_generic_array_f32
 .text.forward_relu
                0x0000000008002ba4      0x120 ../Middlewares/ST/AI/Lib\NetworkRuntime520_CM4_GCC.a(layers_nl_generic_float.o)
                0x0000000008002ba4                forward_relu
 .text.forward_sm
                0x0000000008002cc4      0x12c ../Middlewares/ST/AI/Lib\NetworkRuntime520_CM4_GCC.a(layers_nl_generic_float.o)
                0x0000000008002cc4                forward_sm
 .text.ai_check_custom_types
                0x0000000008002df0       0x54 ../Middlewares/ST/AI/Lib\NetworkRuntime520_CM4_GCC.a(layers.o)
                0x0000000008002df0                ai_check_custom_types
 .text.ai_layers_forward_all
                0x0000000008002e44       0x74 ../Middlewares/ST/AI/Lib\NetworkRuntime520_CM4_GCC.a(layers.o)
                0x0000000008002e44                ai_layers_forward_all
 .text.ai_array_to_buffer_fmt
                0x0000000008002eb8       0x98 ../Middlewares/ST/AI/Lib\NetworkRuntime520_CM4_GCC.a(ai_datatypes_format.o)
                0x0000000008002eb8                ai_array_to_buffer_fmt
 .text.ai_array_get_byte_size
                0x0000000008002f50       0x44 ../Middlewares/ST/AI/Lib\NetworkRuntime520_CM4_GCC.a(ai_datatypes_format.o)
                0x0000000008002f50                ai_array_get_byte_size
 .text.__errno  0x0000000008002f94        0xc c:/ide/stm32cubeide_1.3.0/stm32cubeide/plugins/com.st.stm32cube.ide.mcu.externaltools.gnu-tools-for-stm32.7-2018-q2-update.win32_1.5.0.202011040924/tools/bin/../lib/gcc/arm-none-eabi/7.3.1/../../../../arm-none-eabi/lib/thumb/v7e-m/fpv4-sp/hard\libc_nano.a(lib_a-errno.o)
                0x0000000008002f94                __errno
 .text.__libc_init_array
                0x0000000008002fa0       0x48 c:/ide/stm32cubeide_1.3.0/stm32cubeide/plugins/com.st.stm32cube.ide.mcu.externaltools.gnu-tools-for-stm32.7-2018-q2-update.win32_1.5.0.202011040924/tools/bin/../lib/gcc/arm-none-eabi/7.3.1/../../../../arm-none-eabi/lib/thumb/v7e-m/fpv4-sp/hard\libc_nano.a(lib_a-init.o)
                0x0000000008002fa0                __libc_init_array
 .text.memcpy   0x0000000008002fe8       0x16 c:/ide/stm32cubeide_1.3.0/stm32cubeide/plugins/com.st.stm32cube.ide.mcu.externaltools.gnu-tools-for-stm32.7-2018-q2-update.win32_1.5.0.202011040924/tools/bin/../lib/gcc/arm-none-eabi/7.3.1/../../../../arm-none-eabi/lib/thumb/v7e-m/fpv4-sp/hard\libc_nano.a(lib_a-memcpy-stub.o)
                0x0000000008002fe8                memcpy
 .text.memset   0x0000000008002ffe       0x10 c:/ide/stm32cubeide_1.3.0/stm32cubeide/plugins/com.st.stm32cube.ide.mcu.externaltools.gnu-tools-for-stm32.7-2018-q2-update.win32_1.5.0.202011040924/tools/bin/../lib/gcc/arm-none-eabi/7.3.1/../../../../arm-none-eabi/lib/thumb/v7e-m/fpv4-sp/hard\libc_nano.a(lib_a-memset.o)
                0x0000000008002ffe                memset
 *fill*         0x000000000800300e        0x2 
 .text.expf     0x0000000008003010       0xf4 c:/ide/stm32cubeide_1.3.0/stm32cubeide/plugins/com.st.stm32cube.ide.mcu.externaltools.gnu-tools-for-stm32.7-2018-q2-update.win32_1.5.0.202011040924/tools/bin/../lib/gcc/arm-none-eabi/7.3.1/../../../../arm-none-eabi/lib/thumb/v7e-m/fpv4-sp/hard\libm.a(lib_a-wf_exp.o)
                0x0000000008003010                expf
 .text.__ieee754_expf
                0x0000000008003104      0x1a8 c:/ide/stm32cubeide_1.3.0/stm32cubeide/plugins/com.st.stm32cube.ide.mcu.externaltools.gnu-tools-for-stm32.7-2018-q2-update.win32_1.5.0.202011040924/tools/bin/../lib/gcc/arm-none-eabi/7.3.1/../../../../arm-none-eabi/lib/thumb/v7e-m/fpv4-sp/hard\libm.a(lib_a-ef_exp.o)
                0x0000000008003104                __ieee754_expf
 .text.matherr  0x00000000080032ac        0x4 c:/ide/stm32cubeide_1.3.0/stm32cubeide/plugins/com.st.stm32cube.ide.mcu.externaltools.gnu-tools-for-stm32.7-2018-q2-update.win32_1.5.0.202011040924/tools/bin/../lib/gcc/arm-none-eabi/7.3.1/../../../../arm-none-eabi/lib/thumb/v7e-m/fpv4-sp/hard\libm.a(lib_a-s_matherr.o)
                0x00000000080032ac                matherr
 .text.finitef  0x00000000080032b0       0x14 c:/ide/stm32cubeide_1.3.0/stm32cubeide/plugins/com.st.stm32cube.ide.mcu.externaltools.gnu-tools-for-stm32.7-2018-q2-update.win32_1.5.0.202011040924/tools/bin/../lib/gcc/arm-none-eabi/7.3.1/../../../../arm-none-eabi/lib/thumb/v7e-m/fpv4-sp/hard\libm.a(lib_a-sf_finite.o)
                0x00000000080032b0                finitef
 *(.glue_7)
 .glue_7        0x00000000080032c4        0x0 linker stubs
 *(.glue_7t)
 .glue_7t       0x00000000080032c4        0x0 linker stubs
 *(.eh_frame)
 .eh_frame      0x00000000080032c4        0x0 c:/ide/stm32cubeide_1.3.0/stm32cubeide/plugins/com.st.stm32cube.ide.mcu.externaltools.gnu-tools-for-stm32.7-2018-q2-update.win32_1.5.0.202011040924/tools/bin/../lib/gcc/arm-none-eabi/7.3.1/thumb/v7e-m/fpv4-sp/hard/crtbegin.o
 *(.init)
 .init          0x00000000080032c4        0x4 c:/ide/stm32cubeide_1.3.0/stm32cubeide/plugins/com.st.stm32cube.ide.mcu.externaltools.gnu-tools-for-stm32.7-2018-q2-update.win32_1.5.0.202011040924/tools/bin/../lib/gcc/arm-none-eabi/7.3.1/thumb/v7e-m/fpv4-sp/hard/crti.o
                0x00000000080032c4                _init
 .init          0x00000000080032c8        0x8 c:/ide/stm32cubeide_1.3.0/stm32cubeide/plugins/com.st.stm32cube.ide.mcu.externaltools.gnu-tools-for-stm32.7-2018-q2-update.win32_1.5.0.202011040924/tools/bin/../lib/gcc/arm-none-eabi/7.3.1/thumb/v7e-m/fpv4-sp/hard/crtn.o
 *(.fini)
 .fini          0x00000000080032d0        0x4 c:/ide/stm32cubeide_1.3.0/stm32cubeide/plugins/com.st.stm32cube.ide.mcu.externaltools.gnu-tools-for-stm32.7-2018-q2-update.win32_1.5.0.202011040924/tools/bin/../lib/gcc/arm-none-eabi/7.3.1/thumb/v7e-m/fpv4-sp/hard/crti.o
                0x00000000080032d0                _fini
 .fini          0x00000000080032d4        0x8 c:/ide/stm32cubeide_1.3.0/stm32cubeide/plugins/com.st.stm32cube.ide.mcu.externaltools.gnu-tools-for-stm32.7-2018-q2-update.win32_1.5.0.202011040924/tools/bin/../lib/gcc/arm-none-eabi/7.3.1/thumb/v7e-m/fpv4-sp/hard/crtn.o
                0x00000000080032dc                . = ALIGN (0x4)
                0x00000000080032dc                _etext = .

.vfp11_veneer   0x00000000080032dc        0x0
 .vfp11_veneer  0x00000000080032dc        0x0 linker stubs

.v4_bx          0x00000000080032dc        0x0
 .v4_bx         0x00000000080032dc        0x0 linker stubs

.iplt           0x00000000080032dc        0x0
 .iplt          0x00000000080032dc        0x0 c:/ide/stm32cubeide_1.3.0/stm32cubeide/plugins/com.st.stm32cube.ide.mcu.externaltools.gnu-tools-for-stm32.7-2018-q2-update.win32_1.5.0.202011040924/tools/bin/../lib/gcc/arm-none-eabi/7.3.1/thumb/v7e-m/fpv4-sp/hard/crtbegin.o

.rodata         0x00000000080032dc    0x73948
                0x00000000080032dc                . = ALIGN (0x4)
 *(.rodata)
 .rodata        0x00000000080032dc       0xbc Core/Src/main.o
 .rodata        0x0000000008003398        0x4 ../Middlewares/ST/AI/Lib\NetworkRuntime520_CM4_GCC.a(layers.o)
 *(.rodata*)
 .rodata.AHBPrescTable
                0x000000000800339c       0x10 Core/Src/system_stm32f4xx.o
                0x000000000800339c                AHBPrescTable
 .rodata.dense_1_chain
                0x00000000080033ac        0x8 X-CUBE-AI/App/my_model.o
 .rodata.nl_1_chain
                0x00000000080033b4        0x8 X-CUBE-AI/App/my_model.o
 .rodata.dense_2_chain
                0x00000000080033bc        0x8 X-CUBE-AI/App/my_model.o
 .rodata.nl_2_chain
                0x00000000080033c4        0x8 X-CUBE-AI/App/my_model.o
 .rodata.dense_3_chain
                0x00000000080033cc        0x8 X-CUBE-AI/App/my_model.o
 .rodata.nl_4_chain
                0x00000000080033d4        0x8 X-CUBE-AI/App/my_model.o
 .rodata.s_my_model_weights.5657
                0x00000000080033dc    0x73828 X-CUBE-AI/App/my_model_data.o
 .rodata.expf.str1.1
                0x0000000008076c04        0x5 c:/ide/stm32cubeide_1.3.0/stm32cubeide/plugins/com.st.stm32cube.ide.mcu.externaltools.gnu-tools-for-stm32.7-2018-q2-update.win32_1.5.0.202011040924/tools/bin/../lib/gcc/arm-none-eabi/7.3.1/../../../../arm-none-eabi/lib/thumb/v7e-m/fpv4-sp/hard\libm.a(lib_a-wf_exp.o)
 *fill*         0x0000000008076c09        0x3 
 .rodata.halF   0x0000000008076c0c        0x8 c:/ide/stm32cubeide_1.3.0/stm32cubeide/plugins/com.st.stm32cube.ide.mcu.externaltools.gnu-tools-for-stm32.7-2018-q2-update.win32_1.5.0.202011040924/tools/bin/../lib/gcc/arm-none-eabi/7.3.1/../../../../arm-none-eabi/lib/thumb/v7e-m/fpv4-sp/hard\libm.a(lib_a-ef_exp.o)
 .rodata.ln2HI  0x0000000008076c14        0x8 c:/ide/stm32cubeide_1.3.0/stm32cubeide/plugins/com.st.stm32cube.ide.mcu.externaltools.gnu-tools-for-stm32.7-2018-q2-update.win32_1.5.0.202011040924/tools/bin/../lib/gcc/arm-none-eabi/7.3.1/../../../../arm-none-eabi/lib/thumb/v7e-m/fpv4-sp/hard\libm.a(lib_a-ef_exp.o)
 .rodata.ln2LO  0x0000000008076c1c        0x8 c:/ide/stm32cubeide_1.3.0/stm32cubeide/plugins/com.st.stm32cube.ide.mcu.externaltools.gnu-tools-for-stm32.7-2018-q2-update.win32_1.5.0.202011040924/tools/bin/../lib/gcc/arm-none-eabi/7.3.1/../../../../arm-none-eabi/lib/thumb/v7e-m/fpv4-sp/hard\libm.a(lib_a-ef_exp.o)
                0x0000000008076c24                . = ALIGN (0x4)

.ARM.extab      0x0000000008076c24        0x0
                0x0000000008076c24                . = ALIGN (0x4)
 *(.ARM.extab* .gnu.linkonce.armextab.*)
                0x0000000008076c24                . = ALIGN (0x4)

.ARM            0x0000000008076c24        0x8
                0x0000000008076c24                . = ALIGN (0x4)
                0x0000000008076c24                __exidx_start = .
 *(.ARM.exidx*)
 .ARM.exidx     0x0000000008076c24        0x8 c:/ide/stm32cubeide_1.3.0/stm32cubeide/plugins/com.st.stm32cube.ide.mcu.externaltools.gnu-tools-for-stm32.7-2018-q2-update.win32_1.5.0.202011040924/tools/bin/../lib/gcc/arm-none-eabi/7.3.1/thumb/v7e-m/fpv4-sp/hard\libgcc.a(_udivmoddi4.o)
                0x0000000008076c2c                __exidx_end = .
                0x0000000008076c2c                . = ALIGN (0x4)

.rel.dyn        0x0000000008076c2c        0x0
 .rel.iplt      0x0000000008076c2c        0x0 c:/ide/stm32cubeide_1.3.0/stm32cubeide/plugins/com.st.stm32cube.ide.mcu.externaltools.gnu-tools-for-stm32.7-2018-q2-update.win32_1.5.0.202011040924/tools/bin/../lib/gcc/arm-none-eabi/7.3.1/thumb/v7e-m/fpv4-sp/hard/crtbegin.o

.preinit_array  0x0000000008076c2c        0x0
                0x0000000008076c2c                . = ALIGN (0x4)
                0x0000000008076c2c                PROVIDE (__preinit_array_start = .)
 *(.preinit_array*)
                0x0000000008076c2c                PROVIDE (__preinit_array_end = .)
                0x0000000008076c2c                . = ALIGN (0x4)

.init_array     0x0000000008076c2c        0x4
                0x0000000008076c2c                . = ALIGN (0x4)
                0x0000000008076c2c                PROVIDE (__init_array_start = .)
 *(SORT_BY_NAME(.init_array.*))
 *(.init_array*)
 .init_array    0x0000000008076c2c        0x4 c:/ide/stm32cubeide_1.3.0/stm32cubeide/plugins/com.st.stm32cube.ide.mcu.externaltools.gnu-tools-for-stm32.7-2018-q2-update.win32_1.5.0.202011040924/tools/bin/../lib/gcc/arm-none-eabi/7.3.1/thumb/v7e-m/fpv4-sp/hard/crtbegin.o
                0x0000000008076c30                PROVIDE (__init_array_end = .)
                0x0000000008076c30                . = ALIGN (0x4)

.fini_array     0x0000000008076c30        0x4
                0x0000000008076c30                . = ALIGN (0x4)
                [!provide]                        PROVIDE (__fini_array_start = .)
 *(SORT_BY_NAME(.fini_array.*))
 *(.fini_array*)
 .fini_array    0x0000000008076c30        0x4 c:/ide/stm32cubeide_1.3.0/stm32cubeide/plugins/com.st.stm32cube.ide.mcu.externaltools.gnu-tools-for-stm32.7-2018-q2-update.win32_1.5.0.202011040924/tools/bin/../lib/gcc/arm-none-eabi/7.3.1/thumb/v7e-m/fpv4-sp/hard/crtbegin.o
                [!provide]                        PROVIDE (__fini_array_end = .)
                0x0000000008076c34                . = ALIGN (0x4)
                0x0000000008076c34                _sidata = LOADADDR (.data)

.data           0x0000000020000000     0x1368 load address 0x0000000008076c34
                0x0000000020000000                . = ALIGN (0x4)
                0x0000000020000000                _sdata = .
 *(.data)
 *(.data*)
 .data.my_data_0_num_2
                0x0000000020000000      0xc40 Core/Src/main.o
                0x0000000020000000                my_data_0_num_2
 .data.SystemCoreClock
                0x0000000020000c40        0x4 Core/Src/system_stm32f4xx.o
                0x0000000020000c40                SystemCoreClock
 .data.uwTickPrio
                0x0000000020000c44        0x4 Drivers/STM32F4xx_HAL_Driver/Src/stm32f4xx_hal.o
                0x0000000020000c44                uwTickPrio
 .data.uwTickFreq
                0x0000000020000c48        0x1 Drivers/STM32F4xx_HAL_Driver/Src/stm32f4xx_hal.o
                0x0000000020000c48                uwTickFreq
 *fill*         0x0000000020000c49        0x3 
 .data.g_my_model
                0x0000000020000c4c       0x60 X-CUBE-AI/App/my_model.o
 .data.dense_3_bias_array
                0x0000000020000cac       0x10 X-CUBE-AI/App/my_model.o
 .data.dense_3_weights_array
                0x0000000020000cbc       0x10 X-CUBE-AI/App/my_model.o
 .data.dense_2_bias_array
                0x0000000020000ccc       0x10 X-CUBE-AI/App/my_model.o
 .data.dense_2_weights_array
                0x0000000020000cdc       0x10 X-CUBE-AI/App/my_model.o
 .data.dense_1_bias_array
                0x0000000020000cec       0x10 X-CUBE-AI/App/my_model.o
 .data.dense_1_weights_array
                0x0000000020000cfc       0x10 X-CUBE-AI/App/my_model.o
 .data.flatten_input_output_array
                0x0000000020000d0c       0x10 X-CUBE-AI/App/my_model.o
 .data.dense_1_output_array
                0x0000000020000d1c       0x10 X-CUBE-AI/App/my_model.o
 .data.nl_1_output_array
                0x0000000020000d2c       0x10 X-CUBE-AI/App/my_model.o
 .data.dense_2_output_array
                0x0000000020000d3c       0x10 X-CUBE-AI/App/my_model.o
 .data.nl_2_output_array
                0x0000000020000d4c       0x10 X-CUBE-AI/App/my_model.o
 .data.dense_3_output_array
                0x0000000020000d5c       0x10 X-CUBE-AI/App/my_model.o
 .data.nl_4_output_array
                0x0000000020000d6c       0x10 X-CUBE-AI/App/my_model.o
 .data.dense_3_bias
                0x0000000020000d7c       0x1c X-CUBE-AI/App/my_model.o
 .data.dense_3_weights
                0x0000000020000d98       0x1c X-CUBE-AI/App/my_model.o
 .data.dense_2_bias
                0x0000000020000db4       0x1c X-CUBE-AI/App/my_model.o
 .data.dense_2_weights
                0x0000000020000dd0       0x1c X-CUBE-AI/App/my_model.o
 .data.dense_1_bias
                0x0000000020000dec       0x1c X-CUBE-AI/App/my_model.o
 .data.dense_1_weights
                0x0000000020000e08       0x1c X-CUBE-AI/App/my_model.o
 .data.flatten_input_output
                0x0000000020000e24       0x1c X-CUBE-AI/App/my_model.o
 .data.flatten_input_output0
                0x0000000020000e40       0x1c X-CUBE-AI/App/my_model.o
 .data.dense_1_output
                0x0000000020000e5c       0x1c X-CUBE-AI/App/my_model.o
 .data.nl_1_output
                0x0000000020000e78       0x1c X-CUBE-AI/App/my_model.o
 .data.dense_2_output
                0x0000000020000e94       0x1c X-CUBE-AI/App/my_model.o
 .data.nl_2_output
                0x0000000020000eb0       0x1c X-CUBE-AI/App/my_model.o
 .data.dense_3_output
                0x0000000020000ecc       0x1c X-CUBE-AI/App/my_model.o
 .data.nl_4_output
                0x0000000020000ee8       0x1c X-CUBE-AI/App/my_model.o
 .data.dense_1_layer
                0x0000000020000f04       0x18 X-CUBE-AI/App/my_model.o
 .data.nl_1_layer
                0x0000000020000f1c       0x1c X-CUBE-AI/App/my_model.o
 .data.dense_2_layer
                0x0000000020000f38       0x18 X-CUBE-AI/App/my_model.o
 .data.nl_2_layer
                0x0000000020000f50       0x1c X-CUBE-AI/App/my_model.o
 .data.dense_3_layer
                0x0000000020000f6c       0x18 X-CUBE-AI/App/my_model.o
 .data.nl_4_layer
                0x0000000020000f84       0x1c X-CUBE-AI/App/my_model.o
 .data.__compound_literal.0
                0x0000000020000fa0       0x10 X-CUBE-AI/App/my_model.o
 .data.__compound_literal.1
                0x0000000020000fb0       0x10 X-CUBE-AI/App/my_model.o
 .data.__compound_literal.2
                0x0000000020000fc0       0x10 X-CUBE-AI/App/my_model.o
 .data.__compound_literal.3
                0x0000000020000fd0       0x10 X-CUBE-AI/App/my_model.o
 .data.__compound_literal.4
                0x0000000020000fe0       0x10 X-CUBE-AI/App/my_model.o
 .data.__compound_literal.5
                0x0000000020000ff0       0x10 X-CUBE-AI/App/my_model.o
 .data.__compound_literal.6
                0x0000000020001000       0x10 X-CUBE-AI/App/my_model.o
 .data.__compound_literal.7
                0x0000000020001010       0x10 X-CUBE-AI/App/my_model.o
 .data.__compound_literal.8
                0x0000000020001020       0x10 X-CUBE-AI/App/my_model.o
 .data.__compound_literal.9
                0x0000000020001030       0x10 X-CUBE-AI/App/my_model.o
 .data.__compound_literal.10
                0x0000000020001040       0x10 X-CUBE-AI/App/my_model.o
 .data.__compound_literal.11
                0x0000000020001050       0x10 X-CUBE-AI/App/my_model.o
 .data.__compound_literal.12
                0x0000000020001060       0x10 X-CUBE-AI/App/my_model.o
 .data.__compound_literal.13
                0x0000000020001070       0x10 X-CUBE-AI/App/my_model.o
 .data.__compound_literal.14
                0x0000000020001080       0x10 X-CUBE-AI/App/my_model.o
 .data.__compound_literal.15
                0x0000000020001090       0x10 X-CUBE-AI/App/my_model.o
 .data.__compound_literal.16
                0x00000000200010a0       0x10 X-CUBE-AI/App/my_model.o
 .data.__compound_literal.17
                0x00000000200010b0       0x10 X-CUBE-AI/App/my_model.o
 .data.__compound_literal.18
                0x00000000200010c0       0x10 X-CUBE-AI/App/my_model.o
 .data.__compound_literal.19
                0x00000000200010d0       0x10 X-CUBE-AI/App/my_model.o
 .data.__compound_literal.20
                0x00000000200010e0       0x10 X-CUBE-AI/App/my_model.o
 .data.__compound_literal.21
                0x00000000200010f0       0x10 X-CUBE-AI/App/my_model.o
 .data.__compound_literal.22
                0x0000000020001100       0x10 X-CUBE-AI/App/my_model.o
 .data.__compound_literal.23
                0x0000000020001110       0x10 X-CUBE-AI/App/my_model.o
 .data.__compound_literal.24
                0x0000000020001120       0x10 X-CUBE-AI/App/my_model.o
 .data.__compound_literal.25
                0x0000000020001130       0x10 X-CUBE-AI/App/my_model.o
 .data.__compound_literal.26
                0x0000000020001140       0x10 X-CUBE-AI/App/my_model.o
 .data.__compound_literal.27
                0x0000000020001150       0x10 X-CUBE-AI/App/my_model.o
 .data.__compound_literal.28
                0x0000000020001160        0x4 X-CUBE-AI/App/my_model.o
 .data.__compound_literal.29
                0x0000000020001164        0x4 X-CUBE-AI/App/my_model.o
 .data.__compound_literal.30
                0x0000000020001168        0x8 X-CUBE-AI/App/my_model.o
 .data.__compound_literal.32
                0x0000000020001170       0x30 X-CUBE-AI/App/my_model.o
 .data.__compound_literal.33
                0x00000000200011a0        0x4 X-CUBE-AI/App/my_model.o
 .data.__compound_literal.34
                0x00000000200011a4        0x4 X-CUBE-AI/App/my_model.o
 .data.__compound_literal.37
                0x00000000200011a8       0x30 X-CUBE-AI/App/my_model.o
 .data.__compound_literal.38
                0x00000000200011d8        0x4 X-CUBE-AI/App/my_model.o
 .data.__compound_literal.39
                0x00000000200011dc        0x4 X-CUBE-AI/App/my_model.o
 .data.__compound_literal.40
                0x00000000200011e0        0x8 X-CUBE-AI/App/my_model.o
 .data.__compound_literal.42
                0x00000000200011e8       0x30 X-CUBE-AI/App/my_model.o
 .data.__compound_literal.43
                0x0000000020001218        0x4 X-CUBE-AI/App/my_model.o
 .data.__compound_literal.44
                0x000000002000121c        0x4 X-CUBE-AI/App/my_model.o
 .data.__compound_literal.47
                0x0000000020001220       0x30 X-CUBE-AI/App/my_model.o
 .data.__compound_literal.48
                0x0000000020001250        0x4 X-CUBE-AI/App/my_model.o
 .data.__compound_literal.49
                0x0000000020001254        0x4 X-CUBE-AI/App/my_model.o
 .data.__compound_literal.50
                0x0000000020001258        0x8 X-CUBE-AI/App/my_model.o
 .data.__compound_literal.52
                0x0000000020001260       0x30 X-CUBE-AI/App/my_model.o
 .data.__compound_literal.53
                0x0000000020001290        0x4 X-CUBE-AI/App/my_model.o
 .data.__compound_literal.54
                0x0000000020001294        0x4 X-CUBE-AI/App/my_model.o
 .data.__compound_literal.57
                0x0000000020001298       0x30 X-CUBE-AI/App/my_model.o
 .data.__compound_literal.58
                0x00000000200012c8        0x4 X-CUBE-AI/App/my_model.o
 .data.__compound_literal.62
                0x00000000200012cc        0xc X-CUBE-AI/App/my_model.o
 .data.__compound_literal.63
                0x00000000200012d8        0x4 X-CUBE-AI/App/my_model.o
 .data.__compound_literal.67
                0x00000000200012dc        0xc X-CUBE-AI/App/my_model.o
 .data.__compound_literal.68
                0x00000000200012e8       0x18 X-CUBE-AI/App/my_model.o
 .data._impure_ptr
                0x0000000020001300        0x4 c:/ide/stm32cubeide_1.3.0/stm32cubeide/plugins/com.st.stm32cube.ide.mcu.externaltools.gnu-tools-for-stm32.7-2018-q2-update.win32_1.5.0.202011040924/tools/bin/../lib/gcc/arm-none-eabi/7.3.1/../../../../arm-none-eabi/lib/thumb/v7e-m/fpv4-sp/hard\libc_nano.a(lib_a-impure.o)
                0x0000000020001300                _impure_ptr
 .data.impure_data
                0x0000000020001304       0x60 c:/ide/stm32cubeide_1.3.0/stm32cubeide/plugins/com.st.stm32cube.ide.mcu.externaltools.gnu-tools-for-stm32.7-2018-q2-update.win32_1.5.0.202011040924/tools/bin/../lib/gcc/arm-none-eabi/7.3.1/../../../../arm-none-eabi/lib/thumb/v7e-m/fpv4-sp/hard\libc_nano.a(lib_a-impure.o)
 .data.__fdlib_version
                0x0000000020001364        0x1 c:/ide/stm32cubeide_1.3.0/stm32cubeide/plugins/com.st.stm32cube.ide.mcu.externaltools.gnu-tools-for-stm32.7-2018-q2-update.win32_1.5.0.202011040924/tools/bin/../lib/gcc/arm-none-eabi/7.3.1/../../../../arm-none-eabi/lib/thumb/v7e-m/fpv4-sp/hard\libm.a(lib_a-s_lib_ver.o)
                0x0000000020001364                __fdlib_version
 *(.RamFunc)
 *(.RamFunc*)
                0x0000000020001368                . = ALIGN (0x4)
 *fill*         0x0000000020001365        0x3 
                0x0000000020001368                _edata = .

.igot.plt       0x0000000020001368        0x0 load address 0x0000000008077f9c
 .igot.plt      0x0000000020001368        0x0 c:/ide/stm32cubeide_1.3.0/stm32cubeide/plugins/com.st.stm32cube.ide.mcu.externaltools.gnu-tools-for-stm32.7-2018-q2-update.win32_1.5.0.202011040924/tools/bin/../lib/gcc/arm-none-eabi/7.3.1/thumb/v7e-m/fpv4-sp/hard/crtbegin.o
                0x0000000020001368                . = ALIGN (0x4)

.bss            0x0000000020001368       0xac load address 0x0000000008077f9c
                0x0000000020001368                _sbss = .
                0x0000000020001368                __bss_start__ = _sbss
 *(.bss)
 .bss           0x0000000020001368       0x1c c:/ide/stm32cubeide_1.3.0/stm32cubeide/plugins/com.st.stm32cube.ide.mcu.externaltools.gnu-tools-for-stm32.7-2018-q2-update.win32_1.5.0.202011040924/tools/bin/../lib/gcc/arm-none-eabi/7.3.1/thumb/v7e-m/fpv4-sp/hard/crtbegin.o
 *(.bss*)
 .bss.__compound_literal.31
                0x0000000020001384        0x4 X-CUBE-AI/App/my_model.o
 .bss.__compound_literal.35
                0x0000000020001388        0x4 X-CUBE-AI/App/my_model.o
 .bss.__compound_literal.36
                0x000000002000138c        0x4 X-CUBE-AI/App/my_model.o
 .bss.__compound_literal.41
                0x0000000020001390        0x4 X-CUBE-AI/App/my_model.o
 .bss.__compound_literal.45
                0x0000000020001394        0x4 X-CUBE-AI/App/my_model.o
 .bss.__compound_literal.46
                0x0000000020001398        0x4 X-CUBE-AI/App/my_model.o
 .bss.__compound_literal.51
                0x000000002000139c        0x4 X-CUBE-AI/App/my_model.o
 .bss.__compound_literal.55
                0x00000000200013a0        0x4 X-CUBE-AI/App/my_model.o
 .bss.__compound_literal.56
                0x00000000200013a4        0x4 X-CUBE-AI/App/my_model.o
 .bss.__compound_literal.59
                0x00000000200013a8       0x18 X-CUBE-AI/App/my_model.o
 .bss.__compound_literal.60
                0x00000000200013c0       0x10 X-CUBE-AI/App/my_model.o
 .bss.__compound_literal.61
                0x00000000200013d0        0x8 X-CUBE-AI/App/my_model.o
 .bss.__compound_literal.64
                0x00000000200013d8       0x18 X-CUBE-AI/App/my_model.o
 .bss.__compound_literal.65
                0x00000000200013f0       0x10 X-CUBE-AI/App/my_model.o
 .bss.__compound_literal.66
                0x0000000020001400        0x8 X-CUBE-AI/App/my_model.o
 *(COMMON)
 COMMON         0x0000000020001408        0x8 Core/Src/main.o
                0x0000000020001408                hcrc
 COMMON         0x0000000020001410        0x4 Drivers/STM32F4xx_HAL_Driver/Src/stm32f4xx_hal.o
                0x0000000020001410                uwTick
                0x0000000020001414                . = ALIGN (0x4)
                0x0000000020001414                _ebss = .
                0x0000000020001414                __bss_end__ = _ebss

._user_heap_stack
                0x0000000020001414      0xa04 load address 0x0000000008077f9c
                0x0000000020001418                . = ALIGN (0x8)
 *fill*         0x0000000020001414        0x4 
                [!provide]                        PROVIDE (end = .)
                0x0000000020001418                PROVIDE (_end = .)
                0x0000000020001618                . = (. + _Min_Heap_Size)
 *fill*         0x0000000020001418      0x200 
                0x0000000020001e18                . = (. + _Min_Stack_Size)
 *fill*         0x0000000020001618      0x800 
                0x0000000020001e18                . = ALIGN (0x8)

/DISCARD/
 libc.a(*)
 libm.a(*)
 libgcc.a(*)

.ARM.attributes
                0x0000000000000000       0x30
 *(.ARM.attributes)
 .ARM.attributes
                0x0000000000000000       0x22 c:/ide/stm32cubeide_1.3.0/stm32cubeide/plugins/com.st.stm32cube.ide.mcu.externaltools.gnu-tools-for-stm32.7-2018-q2-update.win32_1.5.0.202011040924/tools/bin/../lib/gcc/arm-none-eabi/7.3.1/thumb/v7e-m/fpv4-sp/hard/crti.o
 .ARM.attributes
                0x0000000000000022       0x34 c:/ide/stm32cubeide_1.3.0/stm32cubeide/plugins/com.st.stm32cube.ide.mcu.externaltools.gnu-tools-for-stm32.7-2018-q2-update.win32_1.5.0.202011040924/tools/bin/../lib/gcc/arm-none-eabi/7.3.1/thumb/v7e-m/fpv4-sp/hard/crtbegin.o
 .ARM.attributes
                0x0000000000000056       0x39 Core/Src/main.o
 .ARM.attributes
                0x000000000000008f       0x39 Core/Src/stm32f4xx_hal_msp.o
 .ARM.attributes
                0x00000000000000c8       0x39 Core/Src/stm32f4xx_it.o
 .ARM.attributes
                0x0000000000000101       0x39 Core/Src/system_stm32f4xx.o
 .ARM.attributes
                0x000000000000013a       0x21 Core/Startup/startup_stm32f407vgtx.o
 .ARM.attributes
                0x000000000000015b       0x39 Drivers/STM32F4xx_HAL_Driver/Src/stm32f4xx_hal.o
 .ARM.attributes
                0x0000000000000194       0x39 Drivers/STM32F4xx_HAL_Driver/Src/stm32f4xx_hal_cortex.o
 .ARM.attributes
                0x00000000000001cd       0x39 Drivers/STM32F4xx_HAL_Driver/Src/stm32f4xx_hal_crc.o
 .ARM.attributes
                0x0000000000000206       0x39 Drivers/STM32F4xx_HAL_Driver/Src/stm32f4xx_hal_rcc.o
 .ARM.attributes
                0x000000000000023f       0x39 X-CUBE-AI/App/my_model.o
 .ARM.attributes
                0x0000000000000278       0x39 X-CUBE-AI/App/my_model_data.o
 .ARM.attributes
                0x00000000000002b1       0x35 ../Middlewares/ST/AI/Lib\NetworkRuntime520_CM4_GCC.a(ai_platform_interface.o)
 .ARM.attributes
                0x00000000000002e6       0x35 ../Middlewares/ST/AI/Lib\NetworkRuntime520_CM4_GCC.a(core_common.o)
 .ARM.attributes
                0x000000000000031b       0x35 ../Middlewares/ST/AI/Lib\NetworkRuntime520_CM4_GCC.a(layers_conv2d_generic_float.o)
 .ARM.attributes
                0x0000000000000350       0x35 ../Middlewares/ST/AI/Lib\NetworkRuntime520_CM4_GCC.a(layers_nl_generic_float.o)
 .ARM.attributes
                0x0000000000000385       0x35 ../Middlewares/ST/AI/Lib\NetworkRuntime520_CM4_GCC.a(layers.o)
 .ARM.attributes
                0x00000000000003ba       0x35 ../Middlewares/ST/AI/Lib\NetworkRuntime520_CM4_GCC.a(ai_datatypes_format.o)
 .ARM.attributes
                0x00000000000003ef       0x34 c:/ide/stm32cubeide_1.3.0/stm32cubeide/plugins/com.st.stm32cube.ide.mcu.externaltools.gnu-tools-for-stm32.7-2018-q2-update.win32_1.5.0.202011040924/tools/bin/../lib/gcc/arm-none-eabi/7.3.1/../../../../arm-none-eabi/lib/thumb/v7e-m/fpv4-sp/hard\libc_nano.a(lib_a-errno.o)
 .ARM.attributes
                0x0000000000000423       0x34 c:/ide/stm32cubeide_1.3.0/stm32cubeide/plugins/com.st.stm32cube.ide.mcu.externaltools.gnu-tools-for-stm32.7-2018-q2-update.win32_1.5.0.202011040924/tools/bin/../lib/gcc/arm-none-eabi/7.3.1/../../../../arm-none-eabi/lib/thumb/v7e-m/fpv4-sp/hard\libc_nano.a(lib_a-impure.o)
 .ARM.attributes
                0x0000000000000457       0x34 c:/ide/stm32cubeide_1.3.0/stm32cubeide/plugins/com.st.stm32cube.ide.mcu.externaltools.gnu-tools-for-stm32.7-2018-q2-update.win32_1.5.0.202011040924/tools/bin/../lib/gcc/arm-none-eabi/7.3.1/../../../../arm-none-eabi/lib/thumb/v7e-m/fpv4-sp/hard\libc_nano.a(lib_a-init.o)
 .ARM.attributes
                0x000000000000048b       0x34 c:/ide/stm32cubeide_1.3.0/stm32cubeide/plugins/com.st.stm32cube.ide.mcu.externaltools.gnu-tools-for-stm32.7-2018-q2-update.win32_1.5.0.202011040924/tools/bin/../lib/gcc/arm-none-eabi/7.3.1/../../../../arm-none-eabi/lib/thumb/v7e-m/fpv4-sp/hard\libc_nano.a(lib_a-memcpy-stub.o)
 .ARM.attributes
                0x00000000000004bf       0x34 c:/ide/stm32cubeide_1.3.0/stm32cubeide/plugins/com.st.stm32cube.ide.mcu.externaltools.gnu-tools-for-stm32.7-2018-q2-update.win32_1.5.0.202011040924/tools/bin/../lib/gcc/arm-none-eabi/7.3.1/../../../../arm-none-eabi/lib/thumb/v7e-m/fpv4-sp/hard\libc_nano.a(lib_a-memset.o)
 .ARM.attributes
                0x00000000000004f3       0x34 c:/ide/stm32cubeide_1.3.0/stm32cubeide/plugins/com.st.stm32cube.ide.mcu.externaltools.gnu-tools-for-stm32.7-2018-q2-update.win32_1.5.0.202011040924/tools/bin/../lib/gcc/arm-none-eabi/7.3.1/../../../../arm-none-eabi/lib/thumb/v7e-m/fpv4-sp/hard\libm.a(lib_a-wf_exp.o)
 .ARM.attributes
                0x0000000000000527       0x34 c:/ide/stm32cubeide_1.3.0/stm32cubeide/plugins/com.st.stm32cube.ide.mcu.externaltools.gnu-tools-for-stm32.7-2018-q2-update.win32_1.5.0.202011040924/tools/bin/../lib/gcc/arm-none-eabi/7.3.1/../../../../arm-none-eabi/lib/thumb/v7e-m/fpv4-sp/hard\libm.a(lib_a-ef_exp.o)
 .ARM.attributes
                0x000000000000055b       0x34 c:/ide/stm32cubeide_1.3.0/stm32cubeide/plugins/com.st.stm32cube.ide.mcu.externaltools.gnu-tools-for-stm32.7-2018-q2-update.win32_1.5.0.202011040924/tools/bin/../lib/gcc/arm-none-eabi/7.3.1/../../../../arm-none-eabi/lib/thumb/v7e-m/fpv4-sp/hard\libm.a(lib_a-s_lib_ver.o)
 .ARM.attributes
                0x000000000000058f       0x34 c:/ide/stm32cubeide_1.3.0/stm32cubeide/plugins/com.st.stm32cube.ide.mcu.externaltools.gnu-tools-for-stm32.7-2018-q2-update.win32_1.5.0.202011040924/tools/bin/../lib/gcc/arm-none-eabi/7.3.1/../../../../arm-none-eabi/lib/thumb/v7e-m/fpv4-sp/hard\libm.a(lib_a-s_matherr.o)
 .ARM.attributes
                0x00000000000005c3       0x34 c:/ide/stm32cubeide_1.3.0/stm32cubeide/plugins/com.st.stm32cube.ide.mcu.externaltools.gnu-tools-for-stm32.7-2018-q2-update.win32_1.5.0.202011040924/tools/bin/../lib/gcc/arm-none-eabi/7.3.1/../../../../arm-none-eabi/lib/thumb/v7e-m/fpv4-sp/hard\libm.a(lib_a-sf_finite.o)
 .ARM.attributes
                0x00000000000005f7       0x22 c:/ide/stm32cubeide_1.3.0/stm32cubeide/plugins/com.st.stm32cube.ide.mcu.externaltools.gnu-tools-for-stm32.7-2018-q2-update.win32_1.5.0.202011040924/tools/bin/../lib/gcc/arm-none-eabi/7.3.1/thumb/v7e-m/fpv4-sp/hard\libgcc.a(_arm_addsubdf3.o)
 .ARM.attributes
                0x0000000000000619       0x22 c:/ide/stm32cubeide_1.3.0/stm32cubeide/plugins/com.st.stm32cube.ide.mcu.externaltools.gnu-tools-for-stm32.7-2018-q2-update.win32_1.5.0.202011040924/tools/bin/../lib/gcc/arm-none-eabi/7.3.1/thumb/v7e-m/fpv4-sp/hard\libgcc.a(_arm_truncdfsf2.o)
 .ARM.attributes
                0x000000000000063b       0x22 c:/ide/stm32cubeide_1.3.0/stm32cubeide/plugins/com.st.stm32cube.ide.mcu.externaltools.gnu-tools-for-stm32.7-2018-q2-update.win32_1.5.0.202011040924/tools/bin/../lib/gcc/arm-none-eabi/7.3.1/thumb/v7e-m/fpv4-sp/hard\libgcc.a(_aeabi_uldivmod.o)
 .ARM.attributes
                0x000000000000065d       0x34 c:/ide/stm32cubeide_1.3.0/stm32cubeide/plugins/com.st.stm32cube.ide.mcu.externaltools.gnu-tools-for-stm32.7-2018-q2-update.win32_1.5.0.202011040924/tools/bin/../lib/gcc/arm-none-eabi/7.3.1/thumb/v7e-m/fpv4-sp/hard\libgcc.a(_udivmoddi4.o)
 .ARM.attributes
                0x0000000000000691       0x22 c:/ide/stm32cubeide_1.3.0/stm32cubeide/plugins/com.st.stm32cube.ide.mcu.externaltools.gnu-tools-for-stm32.7-2018-q2-update.win32_1.5.0.202011040924/tools/bin/../lib/gcc/arm-none-eabi/7.3.1/thumb/v7e-m/fpv4-sp/hard\libgcc.a(_dvmd_tls.o)
 .ARM.attributes
                0x00000000000006b3       0x22 c:/ide/stm32cubeide_1.3.0/stm32cubeide/plugins/com.st.stm32cube.ide.mcu.externaltools.gnu-tools-for-stm32.7-2018-q2-update.win32_1.5.0.202011040924/tools/bin/../lib/gcc/arm-none-eabi/7.3.1/thumb/v7e-m/fpv4-sp/hard/crtn.o
OUTPUT(stm32f4-ai-digit-recognition-test.elf elf32-littlearm)

.debug_info     0x0000000000000000     0x62de
 .debug_info    0x0000000000000000     0x1588 Core/Src/main.o
 .debug_info    0x0000000000001588      0x4d7 Core/Src/stm32f4xx_hal_msp.o
 .debug_info    0x0000000000001a5f      0x20a Core/Src/stm32f4xx_it.o
 .debug_info    0x0000000000001c69      0x554 Core/Src/system_stm32f4xx.o
 .debug_info    0x00000000000021bd       0x22 Core/Startup/startup_stm32f407vgtx.o
 .debug_info    0x00000000000021df      0x945 Drivers/STM32F4xx_HAL_Driver/Src/stm32f4xx_hal.o
 .debug_info    0x0000000000002b24      0xe28 Drivers/STM32F4xx_HAL_Driver/Src/stm32f4xx_hal_cortex.o
 .debug_info    0x000000000000394c      0x441 Drivers/STM32F4xx_HAL_Driver/Src/stm32f4xx_hal_crc.o
 .debug_info    0x0000000000003d8d      0x904 Drivers/STM32F4xx_HAL_Driver/Src/stm32f4xx_hal_rcc.o
 .debug_info    0x0000000000004691     0x1b41 X-CUBE-AI/App/my_model.o
 .debug_info    0x00000000000061d2      0x10c X-CUBE-AI/App/my_model_data.o

.debug_abbrev   0x0000000000000000     0x1243
 .debug_abbrev  0x0000000000000000      0x2cf Core/Src/main.o
 .debug_abbrev  0x00000000000002cf      0x157 Core/Src/stm32f4xx_hal_msp.o
 .debug_abbrev  0x0000000000000426       0xc6 Core/Src/stm32f4xx_it.o
 .debug_abbrev  0x00000000000004ec      0x12b Core/Src/system_stm32f4xx.o
 .debug_abbrev  0x0000000000000617       0x12 Core/Startup/startup_stm32f407vgtx.o
 .debug_abbrev  0x0000000000000629      0x1c7 Drivers/STM32F4xx_HAL_Driver/Src/stm32f4xx_hal.o
 .debug_abbrev  0x00000000000007f0      0x2fa Drivers/STM32F4xx_HAL_Driver/Src/stm32f4xx_hal_cortex.o
 .debug_abbrev  0x0000000000000aea      0x1b7 Drivers/STM32F4xx_HAL_Driver/Src/stm32f4xx_hal_crc.o
 .debug_abbrev  0x0000000000000ca1      0x245 Drivers/STM32F4xx_HAL_Driver/Src/stm32f4xx_hal_rcc.o
 .debug_abbrev  0x0000000000000ee6      0x2c8 X-CUBE-AI/App/my_model.o
 .debug_abbrev  0x00000000000011ae       0x95 X-CUBE-AI/App/my_model_data.o

.debug_aranges  0x0000000000000000      0x480
 .debug_aranges
                0x0000000000000000       0x40 Core/Src/main.o
 .debug_aranges
                0x0000000000000040       0x30 Core/Src/stm32f4xx_hal_msp.o
 .debug_aranges
                0x0000000000000070       0x60 Core/Src/stm32f4xx_it.o
 .debug_aranges
                0x00000000000000d0       0x28 Core/Src/system_stm32f4xx.o
 .debug_aranges
                0x00000000000000f8       0x28 Core/Startup/startup_stm32f407vgtx.o
 .debug_aranges
                0x0000000000000120       0xf0 Drivers/STM32F4xx_HAL_Driver/Src/stm32f4xx_hal.o
 .debug_aranges
                0x0000000000000210      0x118 Drivers/STM32F4xx_HAL_Driver/Src/stm32f4xx_hal_cortex.o
 .debug_aranges
                0x0000000000000328       0x50 Drivers/STM32F4xx_HAL_Driver/Src/stm32f4xx_hal_crc.o
 .debug_aranges
                0x0000000000000378       0x88 Drivers/STM32F4xx_HAL_Driver/Src/stm32f4xx_hal_rcc.o
 .debug_aranges
                0x0000000000000400       0x60 X-CUBE-AI/App/my_model.o
 .debug_aranges
                0x0000000000000460       0x20 X-CUBE-AI/App/my_model_data.o

.debug_ranges   0x0000000000000000      0x3d8
 .debug_ranges  0x0000000000000000       0x30 Core/Src/main.o
 .debug_ranges  0x0000000000000030       0x20 Core/Src/stm32f4xx_hal_msp.o
 .debug_ranges  0x0000000000000050       0x50 Core/Src/stm32f4xx_it.o
 .debug_ranges  0x00000000000000a0       0x18 Core/Src/system_stm32f4xx.o
 .debug_ranges  0x00000000000000b8       0x20 Core/Startup/startup_stm32f407vgtx.o
 .debug_ranges  0x00000000000000d8       0xe0 Drivers/STM32F4xx_HAL_Driver/Src/stm32f4xx_hal.o
 .debug_ranges  0x00000000000001b8      0x108 Drivers/STM32F4xx_HAL_Driver/Src/stm32f4xx_hal_cortex.o
 .debug_ranges  0x00000000000002c0       0x40 Drivers/STM32F4xx_HAL_Driver/Src/stm32f4xx_hal_crc.o
 .debug_ranges  0x0000000000000300       0x78 Drivers/STM32F4xx_HAL_Driver/Src/stm32f4xx_hal_rcc.o
 .debug_ranges  0x0000000000000378       0x50 X-CUBE-AI/App/my_model.o
 .debug_ranges  0x00000000000003c8       0x10 X-CUBE-AI/App/my_model_data.o

.debug_macro    0x0000000000000000    0x211d6
 .debug_macro   0x0000000000000000      0x3cd Core/Src/main.o
 .debug_macro   0x00000000000003cd      0xa5a Core/Src/main.o
 .debug_macro   0x0000000000000e27      0x28e Core/Src/main.o
 .debug_macro   0x00000000000010b5       0x2e Core/Src/main.o
 .debug_macro   0x00000000000010e3       0x2f Core/Src/main.o
 .debug_macro   0x0000000000001112       0x22 Core/Src/main.o
 .debug_macro   0x0000000000001134       0x8e Core/Src/main.o
 .debug_macro   0x00000000000011c2       0x51 Core/Src/main.o
 .debug_macro   0x0000000000001213       0xef Core/Src/main.o
 .debug_macro   0x0000000000001302       0x6a Core/Src/main.o
 .debug_macro   0x000000000000136c      0x1df Core/Src/main.o
 .debug_macro   0x000000000000154b       0x1c Core/Src/main.o
 .debug_macro   0x0000000000001567       0x22 Core/Src/main.o
 .debug_macro   0x0000000000001589       0xdf Core/Src/main.o
 .debug_macro   0x0000000000001668     0x102d Core/Src/main.o
 .debug_macro   0x0000000000002695      0x11f Core/Src/main.o
 .debug_macro   0x00000000000027b4    0x15e3c Core/Src/main.o
 .debug_macro   0x00000000000185f0       0x43 Core/Src/main.o
 .debug_macro   0x0000000000018633     0x3659 Core/Src/main.o
 .debug_macro   0x000000000001bc8c      0x174 Core/Src/main.o
 .debug_macro   0x000000000001be00       0x5a Core/Src/main.o
 .debug_macro   0x000000000001be5a      0x96b Core/Src/main.o
 .debug_macro   0x000000000001c7c5      0x9fe Core/Src/main.o
 .debug_macro   0x000000000001d1c3      0x117 Core/Src/main.o
 .debug_macro   0x000000000001d2da      0x13e Core/Src/main.o
 .debug_macro   0x000000000001d418       0x27 Core/Src/main.o
 .debug_macro   0x000000000001d43f      0x174 Core/Src/main.o
 .debug_macro   0x000000000001d5b3      0x287 Core/Src/main.o
 .debug_macro   0x000000000001d83a       0x5f Core/Src/main.o
 .debug_macro   0x000000000001d899      0x236 Core/Src/main.o
 .debug_macro   0x000000000001dacf       0x22 Core/Src/main.o
 .debug_macro   0x000000000001daf1      0x12c Core/Src/main.o
 .debug_macro   0x000000000001dc1d      0x21e Core/Src/main.o
 .debug_macro   0x000000000001de3b       0x2e Core/Src/main.o
 .debug_macro   0x000000000001de69      0x11a Core/Src/main.o
 .debug_macro   0x000000000001df83       0x7e Core/Src/main.o
 .debug_macro   0x000000000001e001       0x89 Core/Src/main.o
 .debug_macro   0x000000000001e08a      0x12d Core/Src/main.o
 .debug_macro   0x000000000001e1b7       0x46 Core/Src/main.o
 .debug_macro   0x000000000001e1fd       0x18 Core/Src/main.o
 .debug_macro   0x000000000001e215       0x3c Core/Src/main.o
 .debug_macro   0x000000000001e251       0x34 Core/Src/main.o
 .debug_macro   0x000000000001e285       0x16 Core/Src/main.o
 .debug_macro   0x000000000001e29b       0x35 Core/Src/main.o
 .debug_macro   0x000000000001e2d0      0x32a Core/Src/main.o
 .debug_macro   0x000000000001e5fa       0x10 Core/Src/main.o
 .debug_macro   0x000000000001e60a       0x52 Core/Src/main.o
 .debug_macro   0x000000000001e65c       0x1f Core/Src/main.o
 .debug_macro   0x000000000001e67b       0x43 Core/Src/main.o
 .debug_macro   0x000000000001e6be       0x20 Core/Src/main.o
 .debug_macro   0x000000000001e6de      0x1a3 Core/Src/main.o
 .debug_macro   0x000000000001e881       0x10 Core/Src/main.o
 .debug_macro   0x000000000001e891       0x1c Core/Src/main.o
 .debug_macro   0x000000000001e8ad       0x52 Core/Src/main.o
 .debug_macro   0x000000000001e8ff       0x40 Core/Src/main.o
 .debug_macro   0x000000000001e93f       0x10 Core/Src/main.o
 .debug_macro   0x000000000001e94f       0x40 Core/Src/main.o
 .debug_macro   0x000000000001e98f       0xd7 Core/Src/main.o
 .debug_macro   0x000000000001ea66       0x1c Core/Src/main.o
 .debug_macro   0x000000000001ea82       0x3d Core/Src/main.o
 .debug_macro   0x000000000001eabf       0x16 Core/Src/main.o
 .debug_macro   0x000000000001ead5      0x145 Core/Src/main.o
 .debug_macro   0x000000000001ec1a       0x10 Core/Src/main.o
 .debug_macro   0x000000000001ec2a      0x460 Core/Src/main.o
 .debug_macro   0x000000000001f08a       0x16 Core/Src/main.o
 .debug_macro   0x000000000001f0a0       0x22 Core/Src/main.o
 .debug_macro   0x000000000001f0c2      0x1ba Core/Src/main.o
 .debug_macro   0x000000000001f27c       0xc6 Core/Src/main.o
 .debug_macro   0x000000000001f342       0x16 Core/Src/main.o
 .debug_macro   0x000000000001f358       0x34 Core/Src/main.o
 .debug_macro   0x000000000001f38c      0x201 Core/Src/main.o
 .debug_macro   0x000000000001f58d       0x2e Core/Src/main.o
 .debug_macro   0x000000000001f5bb      0x259 Core/Src/main.o
 .debug_macro   0x000000000001f814       0x52 Core/Src/main.o
 .debug_macro   0x000000000001f866       0x28 Core/Src/main.o
 .debug_macro   0x000000000001f88e      0x1c4 Core/Src/stm32f4xx_hal_msp.o
 .debug_macro   0x000000000001fa52      0x1ce Core/Src/stm32f4xx_it.o
 .debug_macro   0x000000000001fc20      0x1c0 Core/Src/system_stm32f4xx.o
 .debug_macro   0x000000000001fde0      0x21a Drivers/STM32F4xx_HAL_Driver/Src/stm32f4xx_hal.o
 .debug_macro   0x000000000001fffa      0x1ba Drivers/STM32F4xx_HAL_Driver/Src/stm32f4xx_hal_cortex.o
 .debug_macro   0x00000000000201b4      0x1ba Drivers/STM32F4xx_HAL_Driver/Src/stm32f4xx_hal_crc.o
 .debug_macro   0x000000000002036e      0x1de Drivers/STM32F4xx_HAL_Driver/Src/stm32f4xx_hal_rcc.o
 .debug_macro   0x000000000002054c      0x394 X-CUBE-AI/App/my_model.o
 .debug_macro   0x00000000000208e0       0x3a X-CUBE-AI/App/my_model.o
 .debug_macro   0x000000000002091a       0xcc X-CUBE-AI/App/my_model.o
 .debug_macro   0x00000000000209e6      0x1e1 X-CUBE-AI/App/my_model.o
 .debug_macro   0x0000000000020bc7       0x16 X-CUBE-AI/App/my_model.o
 .debug_macro   0x0000000000020bdd       0x20 X-CUBE-AI/App/my_model.o
 .debug_macro   0x0000000000020bfd      0x161 X-CUBE-AI/App/my_model.o
 .debug_macro   0x0000000000020d5e      0x171 X-CUBE-AI/App/my_model.o
 .debug_macro   0x0000000000020ecf       0x64 X-CUBE-AI/App/my_model.o
 .debug_macro   0x0000000000020f33      0x10c X-CUBE-AI/App/my_model.o
 .debug_macro   0x000000000002103f       0x16 X-CUBE-AI/App/my_model.o
 .debug_macro   0x0000000000021055       0x64 X-CUBE-AI/App/my_model.o
 .debug_macro   0x00000000000210b9       0x11 X-CUBE-AI/App/my_model.o
 .debug_macro   0x00000000000210ca       0xea X-CUBE-AI/App/my_model_data.o
 .debug_macro   0x00000000000211b4       0x22 X-CUBE-AI/App/my_model_data.o

.debug_line     0x0000000000000000     0x4ef1
 .debug_line    0x0000000000000000      0xa40 Core/Src/main.o
 .debug_line    0x0000000000000a40      0x6ba Core/Src/stm32f4xx_hal_msp.o
 .debug_line    0x00000000000010fa      0x73b Core/Src/stm32f4xx_it.o
 .debug_line    0x0000000000001835      0x6ae Core/Src/system_stm32f4xx.o
 .debug_line    0x0000000000001ee3       0x85 Core/Startup/startup_stm32f407vgtx.o
 .debug_line    0x0000000000001f68      0x898 Drivers/STM32F4xx_HAL_Driver/Src/stm32f4xx_hal.o
 .debug_line    0x0000000000002800      0x9bc Drivers/STM32F4xx_HAL_Driver/Src/stm32f4xx_hal_cortex.o
 .debug_line    0x00000000000031bc      0x747 Drivers/STM32F4xx_HAL_Driver/Src/stm32f4xx_hal_crc.o
 .debug_line    0x0000000000003903      0x8f0 Drivers/STM32F4xx_HAL_Driver/Src/stm32f4xx_hal_rcc.o
 .debug_line    0x00000000000041f3      0x80b X-CUBE-AI/App/my_model.o
 .debug_line    0x00000000000049fe      0x4f3 X-CUBE-AI/App/my_model_data.o

.debug_str      0x0000000000000000    0xcb0d9
 .debug_str     0x0000000000000000    0xc4e04 Core/Src/main.o
                                      0xc5195 (size before relaxing)
 .debug_str     0x00000000000c4e04       0x4e Core/Src/stm32f4xx_hal_msp.o
                                      0xba3ef (size before relaxing)
 .debug_str     0x00000000000c4e52       0xbd Core/Src/stm32f4xx_it.o
                                      0xba26e (size before relaxing)
 .debug_str     0x00000000000c4f0f       0xc4 Core/Src/system_stm32f4xx.o
                                      0xba367 (size before relaxing)
 .debug_str     0x00000000000c4fd3       0x36 Core/Startup/startup_stm32f407vgtx.o
                                         0x9d (size before relaxing)
 .debug_str     0x00000000000c5009      0xa65 Drivers/STM32F4xx_HAL_Driver/Src/stm32f4xx_hal.o
                                      0xbae34 (size before relaxing)
 .debug_str     0x00000000000c5a6e      0x3a5 Drivers/STM32F4xx_HAL_Driver/Src/stm32f4xx_hal_cortex.o
                                      0xbac23 (size before relaxing)
 .debug_str     0x00000000000c5e13       0xa5 Drivers/STM32F4xx_HAL_Driver/Src/stm32f4xx_hal_crc.o
                                      0xba3ac (size before relaxing)
 .debug_str     0x00000000000c5eb8      0x2c1 Drivers/STM32F4xx_HAL_Driver/Src/stm32f4xx_hal_rcc.o
                                      0xba754 (size before relaxing)
 .debug_str     0x00000000000c6179     0x4f0f X-CUBE-AI/App/my_model.o
                                      0x12608 (size before relaxing)
 .debug_str     0x00000000000cb088       0x51 X-CUBE-AI/App/my_model_data.o
                                       0x6738 (size before relaxing)

.comment        0x0000000000000000       0x7b
 .comment       0x0000000000000000       0x7b Core/Src/main.o
                                         0x7c (size before relaxing)
 .comment       0x000000000000007b       0x7c Core/Src/stm32f4xx_hal_msp.o
 .comment       0x000000000000007b       0x7c Core/Src/stm32f4xx_it.o
 .comment       0x000000000000007b       0x7c Core/Src/system_stm32f4xx.o
 .comment       0x000000000000007b       0x7c Drivers/STM32F4xx_HAL_Driver/Src/stm32f4xx_hal.o
 .comment       0x000000000000007b       0x7c Drivers/STM32F4xx_HAL_Driver/Src/stm32f4xx_hal_cortex.o
 .comment       0x000000000000007b       0x7c Drivers/STM32F4xx_HAL_Driver/Src/stm32f4xx_hal_crc.o
 .comment       0x000000000000007b       0x7c Drivers/STM32F4xx_HAL_Driver/Src/stm32f4xx_hal_rcc.o
 .comment       0x000000000000007b       0x7c X-CUBE-AI/App/my_model.o
 .comment       0x000000000000007b       0x7c X-CUBE-AI/App/my_model_data.o
 .comment       0x000000000000007b       0x7c ../Middlewares/ST/AI/Lib\NetworkRuntime520_CM4_GCC.a(ai_platform_interface.o)
 .comment       0x000000000000007b       0x7c ../Middlewares/ST/AI/Lib\NetworkRuntime520_CM4_GCC.a(core_common.o)
 .comment       0x000000000000007b       0x7c ../Middlewares/ST/AI/Lib\NetworkRuntime520_CM4_GCC.a(layers_conv2d_generic_float.o)
 .comment       0x000000000000007b       0x7c ../Middlewares/ST/AI/Lib\NetworkRuntime520_CM4_GCC.a(layers_nl_generic_float.o)
 .comment       0x000000000000007b       0x7c ../Middlewares/ST/AI/Lib\NetworkRuntime520_CM4_GCC.a(layers.o)
 .comment       0x000000000000007b       0x7c ../Middlewares/ST/AI/Lib\NetworkRuntime520_CM4_GCC.a(ai_datatypes_format.o)

.debug_frame    0x0000000000000000     0x11ac
 .debug_frame   0x0000000000000000       0xb8 Core/Src/main.o
 .debug_frame   0x00000000000000b8       0x84 Core/Src/stm32f4xx_hal_msp.o
 .debug_frame   0x000000000000013c      0x104 Core/Src/stm32f4xx_it.o
 .debug_frame   0x0000000000000240       0x58 Core/Src/system_stm32f4xx.o
 .debug_frame   0x0000000000000298      0x374 Drivers/STM32F4xx_HAL_Driver/Src/stm32f4xx_hal.o
 .debug_frame   0x000000000000060c      0x498 Drivers/STM32F4xx_HAL_Driver/Src/stm32f4xx_hal_cortex.o
 .debug_frame   0x0000000000000aa4      0x120 Drivers/STM32F4xx_HAL_Driver/Src/stm32f4xx_hal_crc.o
 .debug_frame   0x0000000000000bc4      0x1f0 Drivers/STM32F4xx_HAL_Driver/Src/stm32f4xx_hal_rcc.o
 .debug_frame   0x0000000000000db4      0x160 X-CUBE-AI/App/my_model.o
 .debug_frame   0x0000000000000f14       0x30 X-CUBE-AI/App/my_model_data.o
 .debug_frame   0x0000000000000f44       0x20 c:/ide/stm32cubeide_1.3.0/stm32cubeide/plugins/com.st.stm32cube.ide.mcu.externaltools.gnu-tools-for-stm32.7-2018-q2-update.win32_1.5.0.202011040924/tools/bin/../lib/gcc/arm-none-eabi/7.3.1/../../../../arm-none-eabi/lib/thumb/v7e-m/fpv4-sp/hard\libc_nano.a(lib_a-errno.o)
 .debug_frame   0x0000000000000f64       0x2c c:/ide/stm32cubeide_1.3.0/stm32cubeide/plugins/com.st.stm32cube.ide.mcu.externaltools.gnu-tools-for-stm32.7-2018-q2-update.win32_1.5.0.202011040924/tools/bin/../lib/gcc/arm-none-eabi/7.3.1/../../../../arm-none-eabi/lib/thumb/v7e-m/fpv4-sp/hard\libc_nano.a(lib_a-init.o)
 .debug_frame   0x0000000000000f90       0x28 c:/ide/stm32cubeide_1.3.0/stm32cubeide/plugins/com.st.stm32cube.ide.mcu.externaltools.gnu-tools-for-stm32.7-2018-q2-update.win32_1.5.0.202011040924/tools/bin/../lib/gcc/arm-none-eabi/7.3.1/../../../../arm-none-eabi/lib/thumb/v7e-m/fpv4-sp/hard\libc_nano.a(lib_a-memcpy-stub.o)
 .debug_frame   0x0000000000000fb8       0x20 c:/ide/stm32cubeide_1.3.0/stm32cubeide/plugins/com.st.stm32cube.ide.mcu.externaltools.gnu-tools-for-stm32.7-2018-q2-update.win32_1.5.0.202011040924/tools/bin/../lib/gcc/arm-none-eabi/7.3.1/../../../../arm-none-eabi/lib/thumb/v7e-m/fpv4-sp/hard\libc_nano.a(lib_a-memset.o)
 .debug_frame   0x0000000000000fd8       0x44 c:/ide/stm32cubeide_1.3.0/stm32cubeide/plugins/com.st.stm32cube.ide.mcu.externaltools.gnu-tools-for-stm32.7-2018-q2-update.win32_1.5.0.202011040924/tools/bin/../lib/gcc/arm-none-eabi/7.3.1/../../../../arm-none-eabi/lib/thumb/v7e-m/fpv4-sp/hard\libm.a(lib_a-wf_exp.o)
 .debug_frame   0x000000000000101c       0x20 c:/ide/stm32cubeide_1.3.0/stm32cubeide/plugins/com.st.stm32cube.ide.mcu.externaltools.gnu-tools-for-stm32.7-2018-q2-update.win32_1.5.0.202011040924/tools/bin/../lib/gcc/arm-none-eabi/7.3.1/../../../../arm-none-eabi/lib/thumb/v7e-m/fpv4-sp/hard\libm.a(lib_a-ef_exp.o)
 .debug_frame   0x000000000000103c       0x20 c:/ide/stm32cubeide_1.3.0/stm32cubeide/plugins/com.st.stm32cube.ide.mcu.externaltools.gnu-tools-for-stm32.7-2018-q2-update.win32_1.5.0.202011040924/tools/bin/../lib/gcc/arm-none-eabi/7.3.1/../../../../arm-none-eabi/lib/thumb/v7e-m/fpv4-sp/hard\libm.a(lib_a-s_matherr.o)
 .debug_frame   0x000000000000105c       0x20 c:/ide/stm32cubeide_1.3.0/stm32cubeide/plugins/com.st.stm32cube.ide.mcu.externaltools.gnu-tools-for-stm32.7-2018-q2-update.win32_1.5.0.202011040924/tools/bin/../lib/gcc/arm-none-eabi/7.3.1/../../../../arm-none-eabi/lib/thumb/v7e-m/fpv4-sp/hard\libm.a(lib_a-sf_finite.o)
 .debug_frame   0x000000000000107c       0xac c:/ide/stm32cubeide_1.3.0/stm32cubeide/plugins/com.st.stm32cube.ide.mcu.externaltools.gnu-tools-for-stm32.7-2018-q2-update.win32_1.5.0.202011040924/tools/bin/../lib/gcc/arm-none-eabi/7.3.1/thumb/v7e-m/fpv4-sp/hard\libgcc.a(_arm_addsubdf3.o)
 .debug_frame   0x0000000000001128       0x24 c:/ide/stm32cubeide_1.3.0/stm32cubeide/plugins/com.st.stm32cube.ide.mcu.externaltools.gnu-tools-for-stm32.7-2018-q2-update.win32_1.5.0.202011040924/tools/bin/../lib/gcc/arm-none-eabi/7.3.1/thumb/v7e-m/fpv4-sp/hard\libgcc.a(_arm_truncdfsf2.o)
 .debug_frame   0x000000000000114c       0x2c c:/ide/stm32cubeide_1.3.0/stm32cubeide/plugins/com.st.stm32cube.ide.mcu.externaltools.gnu-tools-for-stm32.7-2018-q2-update.win32_1.5.0.202011040924/tools/bin/../lib/gcc/arm-none-eabi/7.3.1/thumb/v7e-m/fpv4-sp/hard\libgcc.a(_aeabi_uldivmod.o)
 .debug_frame   0x0000000000001178       0x34 c:/ide/stm32cubeide_1.3.0/stm32cubeide/plugins/com.st.stm32cube.ide.mcu.externaltools.gnu-tools-for-stm32.7-2018-q2-update.win32_1.5.0.202011040924/tools/bin/../lib/gcc/arm-none-eabi/7.3.1/thumb/v7e-m/fpv4-sp/hard\libgcc.a(_udivmoddi4.o)
