20:03:21 **** Incremental Build of configuration Debug for project stm32f4-ai-digit-recognition-test ****
make -j8 all 
arm-none-eabi-gcc "../Core/Src/main.c" -mcpu=cortex-m4 -std=gnu11 -g3 -DUSE_HAL_DRIVER -DDEBUG -DSTM32F407xx -c -I../Core/Inc -I../Drivers/STM32F4xx_HAL_Driver/Inc -I../Drivers/STM32F4xx_HAL_Driver/Inc/Legacy -I../Drivers/CMSIS/Device/ST/STM32F4xx/Include -I../Drivers/CMSIS/Include -I../X-CUBE-AI/App -I../Middlewares/ST/AI/Inc -O0 -ffunction-sections -fdata-sections -Wall -fstack-usage -MMD -MP -MF"Core/Src/main.d" -MT"Core/Src/main.o" --specs=nano.specs -mfpu=fpv4-sp-d16 -mfloat-abi=hard -mthumb -o "Core/Src/main.o"
../Core/Src/main.c: In function 'main':
../Core/Src/main.c:81:9: warning: variable 'y_val_array' set but not used [-Wunused-but-set-variable]
   float y_val_array[40];
         ^~~~~~~~~~~
../Core/Src/main.c:80:47: warning: unused variable 'temp' [-Wunused-variable]
   float y_val, y_val1, y_val2, y_val3, y_val4,temp;
                                               ^~~~
../Core/Src/main.c:80:40: warning: unused variable 'y_val4' [-Wunused-variable]
   float y_val, y_val1, y_val2, y_val3, y_val4,temp;
                                        ^~~~~~
../Core/Src/main.c:80:32: warning: unused variable 'y_val3' [-Wunused-variable]
   float y_val, y_val1, y_val2, y_val3, y_val4,temp;
                                ^~~~~~
../Core/Src/main.c:80:24: warning: unused variable 'y_val2' [-Wunused-variable]
   float y_val, y_val1, y_val2, y_val3, y_val4,temp;
                        ^~~~~~
../Core/Src/main.c:80:16: warning: unused variable 'y_val1' [-Wunused-variable]
   float y_val, y_val1, y_val2, y_val3, y_val4,temp;
                ^~~~~~
../Core/Src/main.c:80:9: warning: unused variable 'y_val' [-Wunused-variable]
   float y_val, y_val1, y_val2, y_val3, y_val4,temp;
         ^~~~~
../Core/Src/main.c:79:12: warning: unused variable 'timestamp' [-Wunused-variable]
   uint32_t timestamp;
            ^~~~~~~~~
../Core/Src/main.c:76:7: warning: variable 'buf_len' set but not used [-Wunused-but-set-variable]
   int buf_len = 0;
       ^~~~~~~
arm-none-eabi-gcc -o "stm32f4-ai-digit-recognition-test.elf" @"objects.list"  -l:NetworkRuntime520_CM4_GCC.a -mcpu=cortex-m4 -T"C:\Users\alperen\Desktop\MUHTAS3\stm32ai_kaynaklar\STM32_Proje\stm32f4-ai-digit-recognition-test\STM32F407VGTX_FLASH.ld" --specs=nosys.specs -Wl,-Map="stm32f4-ai-digit-recognition-test.map" -Wl,--gc-sections -static -L../Middlewares/ST/AI/Lib --specs=nano.specs -mfpu=fpv4-sp-d16 -mfloat-abi=hard -mthumb -Wl,--start-group -lc -lm -Wl,--end-group
Finished building target: stm32f4-ai-digit-recognition-test.elf
 
arm-none-eabi-objdump -h -S  stm32f4-ai-digit-recognition-test.elf  > "stm32f4-ai-digit-recognition-test.list"
arm-none-eabi-objcopy  -O binary  stm32f4-ai-digit-recognition-test.elf  "stm32f4-ai-digit-recognition-test.bin"
arm-none-eabi-size   stm32f4-ai-digit-recognition-test.elf 
   text	   data	    bss	    dec	    hex	filename
 486444	   4976	   2736	 494156	  78a4c	stm32f4-ai-digit-recognition-test.elf
Finished building: default.size.stdout
 
Finished building: stm32f4-ai-digit-recognition-test.bin
Finished building: stm32f4-ai-digit-recognition-test.list
 
 

20:03:23 Build Finished. 0 errors, 9 warnings. (took 1s.743ms)

